Archive member included to satisfy reference by file (symbol)

/home/rituraj/CiPHER/captain_differential_code/libmicroros/libmicroros.a(libgeometry_msgs__rosidl_typesupport_c-twist__type_support.cpp.obj)
                              CMakeFiles/pico_code.dir/pico_code.c.obj (rosidl_typesupport_c__get_message_type_support_handle__geometry_msgs__msg__Twist)
/home/rituraj/CiPHER/captain_differential_code/libmicroros/libmicroros.a(libgeometry_msgs__rosidl_typesupport_microxrcedds_c-twist__type_support_c.c.obj)
                              /home/rituraj/CiPHER/captain_differential_code/libmicroros/libmicroros.a(libgeometry_msgs__rosidl_typesupport_c-twist__type_support.cpp.obj) (rosidl_typesupport_microxrcedds_c__get_message_type_support_handle__geometry_msgs__msg__Twist)
/home/rituraj/CiPHER/captain_differential_code/libmicroros/libmicroros.a(libgeometry_msgs__rosidl_typesupport_microxrcedds_c-vector3__type_support_c.c.obj)
                              /home/rituraj/CiPHER/captain_differential_code/libmicroros/libmicroros.a(libgeometry_msgs__rosidl_typesupport_microxrcedds_c-twist__type_support_c.c.obj) (get_serialized_size_geometry_msgs__msg__Vector3)
/home/rituraj/CiPHER/captain_differential_code/libmicroros/libmicroros.a(libmicrocdr-basic.c.obj)
                              /home/rituraj/CiPHER/captain_differential_code/libmicroros/libmicroros.a(libgeometry_msgs__rosidl_typesupport_microxrcedds_c-vector3__type_support_c.c.obj) (ucdr_serialize_double)
/home/rituraj/CiPHER/captain_differential_code/libmicroros/libmicroros.a(libmicrocdr-common.c.obj)
                              /home/rituraj/CiPHER/captain_differential_code/libmicroros/libmicroros.a(libmicrocdr-basic.c.obj) (ucdr_check_buffer_available_for)
/home/rituraj/CiPHER/captain_differential_code/libmicroros/libmicroros.a(librclc-executor.c.obj)
                              CMakeFiles/pico_code.dir/pico_code.c.obj (rclc_executor_init)
/home/rituraj/CiPHER/captain_differential_code/libmicroros/libmicroros.a(librclc-executor_handle.c.obj)
                              /home/rituraj/CiPHER/captain_differential_code/libmicroros/libmicroros.a(librclc-executor.c.obj) (rclc_executor_handle_counters_zero_init)
/home/rituraj/CiPHER/captain_differential_code/libmicroros/libmicroros.a(librclc-init.c.obj)
                              CMakeFiles/pico_code.dir/pico_code.c.obj (rclc_support_init)
/home/rituraj/CiPHER/captain_differential_code/libmicroros/libmicroros.a(librclc-node.c.obj)
                              CMakeFiles/pico_code.dir/pico_code.c.obj (rclc_node_init_default)
/home/rituraj/CiPHER/captain_differential_code/libmicroros/libmicroros.a(librclc-sleep.c.obj)
                              /home/rituraj/CiPHER/captain_differential_code/libmicroros/libmicroros.a(librclc-executor.c.obj) (rclc_sleep_ms)
/home/rituraj/CiPHER/captain_differential_code/libmicroros/libmicroros.a(librclc-subscription.c.obj)
                              CMakeFiles/pico_code.dir/pico_code.c.obj (rclc_subscription_init_default)
/home/rituraj/CiPHER/captain_differential_code/libmicroros/libmicroros.a(librcutils-allocator.c.obj)
                              CMakeFiles/pico_code.dir/pico_code.c.obj (rcutils_get_default_allocator)
/home/rituraj/CiPHER/captain_differential_code/libmicroros/libmicroros.a(librcutils-error_handling.c.obj)
                              /home/rituraj/CiPHER/captain_differential_code/libmicroros/libmicroros.a(librclc-executor.c.obj) (rcutils_reset_error)
/home/rituraj/CiPHER/captain_differential_code/libmicroros/libmicroros.a(librcutils-time_unix.c.obj)
                              /home/rituraj/CiPHER/captain_differential_code/libmicroros/libmicroros.a(librclc-executor.c.obj) (rcutils_system_time_now)
/home/rituraj/CiPHER/captain_differential_code/libmicroros/libmicroros.a(librmw_microxrcedds-custom_transport.c.obj)
                              CMakeFiles/pico_code.dir/pico_code.c.obj (rmw_uros_set_custom_transport)
/home/rituraj/CiPHER/captain_differential_code/libmicroros/libmicroros.a(librmw_microxrcedds-ping.c.obj)
                              CMakeFiles/pico_code.dir/pico_code.c.obj (rmw_uros_ping_agent)
/home/rituraj/CiPHER/captain_differential_code/libmicroros/libmicroros.a(librmw_microxrcedds-rmw_uxrce_transports.c.obj)
                              /home/rituraj/CiPHER/captain_differential_code/libmicroros/libmicroros.a(librmw_microxrcedds-ping.c.obj) (rmw_uxrce_transport_init)
/home/rituraj/CiPHER/captain_differential_code/libmicroros/libmicroros.a(librmw_microxrcedds-types.c.obj)
                              /home/rituraj/CiPHER/captain_differential_code/libmicroros/libmicroros.a(librmw_microxrcedds-ping.c.obj) (session_memory)
/home/rituraj/CiPHER/captain_differential_code/libmicroros/libmicroros.a(librosidl_runtime_c-message_type_support.c.obj)
[...]
Memory Configuration

Name             Origin             Length             Attributes
FLASH            0x0000000010000000 0x0000000000200000 xr
RAM              0x0000000020000000 0x0000000000040000 xrw
SCRATCH_X        0x0000000020040000 0x0000000000001000 xrw
SCRATCH_Y        0x0000000020041000 0x0000000000001000 xrw
*default*        0x0000000000000000 0xffffffffffffffff

Linker script and memory map

LOAD /usr/lib/gcc/arm-none-eabi/9.2.1/thumb/v6-m/nofp/crti.o
LOAD /usr/lib/gcc/arm-none-eabi/9.2.1/thumb/v6-m/nofp/crtbegin.o
LOAD /usr/lib/gcc/arm-none-eabi/9.2.1/../../../arm-none-eabi/lib/thumb/v6-m/nofp/crt0.o

.flash_begin    0x0000000010000000        0x0
                0x0000000010000000                __flash_binary_start = .

.boot2          0x0000000010000000      0x100
                0x0000000010000000                __boot2_start__ = .
 *(.boot2)
 .boot2         0x0000000010000000      0x100 /tmp/ccbBCR7t.o
                0x0000000010000100                __boot2_end__ = .
                0x0000000000000001                ASSERT (((__boot2_end__ - __boot2_start__) == 0x100), ERROR: Pico second stage bootloader must be 256 bytes in size)

.text           0x0000000010000100    0x13c18
                0x0000000010000100                __logical_binary_start = .
 *(.vectors)
 .vectors       0x0000000010000100       0xd4 CMakeFiles/pico_code.dir/home/rituraj/pico-sdk/src/rp2_common/pico_standard_link/crt0.S.obj
                0x0000000010000100                __vectors
                0x0000000010000100                __VECTOR_TABLE
                0x00000000100001c0                isr_invalid
                0x00000000100001c0                __default_isrs_start
                0x00000000100001c2                isr_nmi
                0x00000000100001c4                isr_hardfault
                0x00000000100001c6                isr_svcall
                0x00000000100001c8                isr_pendsv
                0x00000000100001ca                isr_systick
                0x00000000100001cc                isr_irq30
                0x00000000100001cc                __unhandled_user_irq
                0x00000000100001cc                isr_irq13
                0x00000000100001cc                isr_irq27
                0x00000000100001cc                isr_irq31
                0x00000000100001cc                isr_irq5
                0x00000000100001cc                isr_irq11
                0x00000000100001cc                isr_irq23
                0x00000000100001cc                isr_irq18
                0x00000000100001cc                isr_irq28
                0x00000000100001cc                isr_irq19
                0x00000000100001cc                isr_irq0
                0x00000000100001cc                isr_irq6
                0x00000000100001cc                isr_irq22
                0x00000000100001cc                isr_irq17
                0x00000000100001cc                isr_irq14
                0x00000000100001cc                isr_irq2
                0x00000000100001cc                isr_irq10
                0x00000000100001cc                isr_irq8
                0x00000000100001cc                isr_irq24
                0x00000000100001cc                isr_irq1
                0x00000000100001cc                isr_irq7
                0x00000000100001cc                isr_irq21
                0x00000000100001cc                isr_irq20
                0x00000000100001cc                isr_irq15
                0x00000000100001cc                isr_irq25
                0x00000000100001cc                isr_irq4
                0x00000000100001cc                isr_irq16
                0x00000000100001cc                isr_irq29
                0x00000000100001cc                isr_irq26
                0x00000000100001cc                __default_isrs_end
                0x00000000100001cc                isr_irq3
                0x00000000100001cc                isr_irq12
                0x00000000100001cc                isr_irq9
                0x00000000100001d2                unhandled_user_irq_num_in_r0
 *(.binary_info_header)
 .binary_info_header
                0x00000000100001d4       0x14 CMakeFiles/pico_code.dir/home/rituraj/pico-sdk/src/rp2_common/pico_standard_link/crt0.S.obj
                0x00000000100001e8                __binary_info_header_end = .
 *(.reset)
 .reset         0x00000000100001e8       0xa8 CMakeFiles/pico_code.dir/home/rituraj/pico-sdk/src/rp2_common/pico_standard_link/crt0.S.obj
                0x00000000100001e8                _entry_point
                0x0000000010000266                __get_current_exception
 .reset         0x0000000010000290       0x30 CMakeFiles/pico_code.dir/home/rituraj/pico-sdk/src/rp2_common/pico_standard_link/binary_info.c.obj
 *(.init)
 .init          0x00000000100002c0        0x4 /usr/lib/gcc/arm-none-eabi/9.2.1/thumb/v6-m/nofp/crti.o
                0x00000000100002c0                _init
 *(EXCLUDE_FILE(*libm.a: *libc.a:*lib_a-mem*.o *libgcc.a:) .text*)
 .text          0x00000000100002c4       0x98 /usr/lib/gcc/arm-none-eabi/9.2.1/thumb/v6-m/nofp/crtbegin.o
 .text.velocityCb
                0x000000001000035c      0x210 CMakeFiles/pico_code.dir/pico_code.c.obj
                0x000000001000035c                velocityCb
 .text.startup.main
                0x000000001000056c      0x138 CMakeFiles/pico_code.dir/pico_code.c.obj
                0x000000001000056c                main
 .text.clock_gettime
                0x00000000100006a4       0x3c CMakeFiles/pico_code.dir/pico_uart_transport.c.obj
                0x00000000100006a4                clock_gettime
 .text.pico_serial_transport_open
                0x00000000100006e0        0xc CMakeFiles/pico_code.dir/pico_uart_transport.c.obj
                0x00000000100006e0                pico_serial_transport_open
 .text.pico_serial_transport_close
                0x00000000100006ec        0x4 CMakeFiles/pico_code.dir/pico_uart_transport.c.obj
                0x00000000100006ec                pico_serial_transport_close
 .text.pico_serial_transport_write
                0x00000000100006f0       0x38 CMakeFiles/pico_code.dir/pico_uart_transport.c.obj
                0x00000000100006f0                pico_serial_transport_write
 .text.pico_serial_transport_read
                0x0000000010000728       0x64 CMakeFiles/pico_code.dir/pico_uart_transport.c.obj
                0x0000000010000728                pico_serial_transport_read
 .text.gpio_set_function
                0x000000001000078c       0x30 CMakeFiles/pico_code.dir/home/rituraj/pico-sdk/src/rp2_common/hardware_gpio/gpio.c.obj
                0x000000001000078c                gpio_set_function
 .text.gpio_init
                0x00000000100007bc       0x3c CMakeFiles/pico_code.dir/home/rituraj/pico-sdk/src/rp2_common/hardware_gpio/gpio.c.obj
                0x00000000100007bc                gpio_init
 .text.hw_claim_or_assert
                0x00000000100007f8       0x48 CMakeFiles/pico_code.dir/home/rituraj/pico-sdk/src/rp2_common/hardware_claim/claim.c.obj
                0x00000000100007f8                hw_claim_or_assert
 .text.hw_claim_unused_from_range
                0x0000000010000840       0x9c CMakeFiles/pico_code.dir/home/rituraj/pico-sdk/src/rp2_common/hardware_claim/claim.c.obj
                0x0000000010000840                hw_claim_unused_from_range
 .text.running_on_fpga
                0x00000000100008dc       0x10 CMakeFiles/pico_code.dir/home/rituraj/pico-sdk/src/rp2_common/pico_platform/platform.c.obj
                0x00000000100008dc                running_on_fpga
 .text.spin_locks_reset
                0x00000000100008ec       0x1c CMakeFiles/pico_code.dir/home/rituraj/pico-sdk/src/rp2_common/hardware_sync/sync.c.obj
                0x00000000100008ec                spin_locks_reset
 .text.next_striped_spin_lock_num
                0x0000000010000908       0x18 CMakeFiles/pico_code.dir/home/rituraj/pico-sdk/src/rp2_common/hardware_sync/sync.c.obj
                0x0000000010000908                next_striped_spin_lock_num
 .text.spin_lock_claim_unused
                0x0000000010000920       0x20 CMakeFiles/pico_code.dir/home/rituraj/pico-sdk/src/rp2_common/hardware_sync/sync.c.obj
                0x0000000010000920                spin_lock_claim_unused
 .text.timer_pool_entry_comparator
                0x0000000010000940       0x34 CMakeFiles/pico_code.dir/home/rituraj/pico-sdk/src/common/pico_time/time.c.obj
                0x0000000010000940                timer_pool_entry_comparator
 .text.sleep_until_callback
                0x0000000010000974       0x30 CMakeFiles/pico_code.dir/home/rituraj/pico-sdk/src/common/pico_time/time.c.obj
 .text.alarm_pool_add_alarm_at.constprop.0
                0x00000000100009a4      0x128 CMakeFiles/pico_code.dir/home/rituraj/pico-sdk/src/common/pico_time/time.c.obj
 .text.add_alarm_under_lock
                0x0000000010000acc      0x108 CMakeFiles/pico_code.dir/home/rituraj/pico-sdk/src/common/pico_time/time.c.obj
 .text.alarm_pool_alarm_callback
                0x0000000010000bd4      0x1c8 CMakeFiles/pico_code.dir/home/rituraj/pico-sdk/src/common/pico_time/time.c.obj
 .text.alarm_pool_init_default
                0x0000000010000d9c       0x64 CMakeFiles/pico_code.dir/home/rituraj/pico-sdk/src/common/pico_time/time.c.obj
                0x0000000010000d9c                alarm_pool_init_default
 .text.alarm_pool_get_default
                0x0000000010000e00        0x8 CMakeFiles/pico_code.dir/home/rituraj/pico-sdk/src/common/pico_time/time.c.obj
                0x0000000010000e00                alarm_pool_get_default
 .text.alarm_pool_add_alarm_at
                0x0000000010000e08      0x1ac CMakeFiles/pico_code.dir/home/rituraj/pico-sdk/src/common/pico_time/time.c.obj
                0x0000000010000e08                alarm_pool_add_alarm_at
 .text.best_effort_wfe_or_timeout
                0x0000000010000fb4       0xd4 CMakeFiles/pico_code.dir/home/rituraj/pico-sdk/src/common/pico_time/time.c.obj
                0x0000000010000fb4                best_effort_wfe_or_timeout
 .text.hardware_alarm_irq_handler
                0x0000000010001088       0xb8 CMakeFiles/pico_code.dir/home/rituraj/pico-sdk/src/rp2_common/hardware_timer/timer.c.obj
 .text.hardware_alarm_claim
                0x0000000010001140       0x18 CMakeFiles/pico_code.dir/home/rituraj/pico-sdk/src/rp2_common/hardware_timer/timer.c.obj
                0x0000000010001140                hardware_alarm_claim
 .text.time_us_64
                0x0000000010001158       0x14 CMakeFiles/pico_code.dir/home/rituraj/pico-sdk/src/rp2_common/hardware_timer/timer.c.obj
                0x0000000010001158                time_us_64
 .text.busy_wait_us
                0x000000001000116c       0x54 CMakeFiles/pico_code.dir/home/rituraj/pico-sdk/src/rp2_common/hardware_timer/timer.c.obj
                0x000000001000116c                busy_wait_us
 .text.hardware_alarm_set_callback
                0x00000000100011c0       0x8c CMakeFiles/pico_code.dir/home/rituraj/pico-sdk/src/rp2_common/hardware_timer/timer.c.obj
                0x00000000100011c0                hardware_alarm_set_callback
 .text.hardware_alarm_set_target
                0x000000001000124c       0xe4 CMakeFiles/pico_code.dir/home/rituraj/pico-sdk/src/rp2_common/hardware_timer/timer.c.obj
                0x000000001000124c                hardware_alarm_set_target
 .text.hardware_alarm_cancel
                0x0000000010001330       0x40 CMakeFiles/pico_code.dir/home/rituraj/pico-sdk/src/rp2_common/hardware_timer/timer.c.obj
                0x0000000010001330                hardware_alarm_cancel
 .text.lock_init
                0x0000000010001370       0x10 CMakeFiles/pico_code.dir/home/rituraj/pico-sdk/src/common/pico_sync/lock_core.c.obj
                0x0000000010001370                lock_init
 .text.mutex_init
                0x0000000010001380       0x1c CMakeFiles/pico_code.dir/home/rituraj/pico-sdk/src/common/pico_sync/mutex.c.obj
                0x0000000010001380                mutex_init
 .text.recursive_mutex_init
                0x000000001000139c       0x1c CMakeFiles/pico_code.dir/home/rituraj/pico-sdk/src/common/pico_sync/mutex.c.obj
                0x000000001000139c                recursive_mutex_init
 .text.critical_section_init
                0x00000000100013b8       0x1c CMakeFiles/pico_code.dir/home/rituraj/pico-sdk/src/common/pico_sync/critical_section.c.obj
                0x00000000100013b8                critical_section_init
 .text.ph_merge_nodes
                0x00000000100013d4       0x68 CMakeFiles/pico_code.dir/home/rituraj/pico-sdk/src/common/pico_util/pheap.c.obj
 .text.ph_post_alloc_init
                0x000000001000143c       0x3c CMakeFiles/pico_code.dir/home/rituraj/pico-sdk/src/common/pico_util/pheap.c.obj
                0x000000001000143c                ph_post_alloc_init
 .text.ph_merge_two_pass
                0x0000000010001478       0x90 CMakeFiles/pico_code.dir/home/rituraj/pico-sdk/src/common/pico_util/pheap.c.obj
                0x0000000010001478                ph_merge_two_pass
 .text.ph_remove_any_head
                0x0000000010001508       0xf8 CMakeFiles/pico_code.dir/home/rituraj/pico-sdk/src/common/pico_util/pheap.c.obj
 .text.ph_remove_head
                0x0000000010001600      0x13c CMakeFiles/pico_code.dir/home/rituraj/pico-sdk/src/common/pico_util/pheap.c.obj
                0x0000000010001600                ph_remove_head
 .text.ph_remove_and_free_node
                0x000000001000173c       0x7c CMakeFiles/pico_code.dir/home/rituraj/pico-sdk/src/common/pico_util/pheap.c.obj
                0x000000001000173c                ph_remove_and_free_node
 .text.runtime_init
                0x00000000100017b8       0xf0 CMakeFiles/pico_code.dir/home/rituraj/pico-sdk/src/rp2_common/pico_runtime/runtime.c.obj
                0x00000000100017b8                runtime_init
 .text._sbrk    0x00000000100018a8       0x34 CMakeFiles/pico_code.dir/home/rituraj/pico-sdk/src/rp2_common/pico_runtime/runtime.c.obj
                0x00000000100018a8                _sbrk
 .text.exit     0x00000000100018dc        0x4 CMakeFiles/pico_code.dir/home/rituraj/pico-sdk/src/rp2_common/pico_runtime/runtime.c.obj
                0x00000000100018dc                exit
 .text.panic    0x00000000100018e0       0x30 CMakeFiles/pico_code.dir/home/rituraj/pico-sdk/src/rp2_common/pico_runtime/runtime.c.obj
                0x00000000100018e0                panic
 .text.hard_assertion_failure
                0x0000000010001910        0xc CMakeFiles/pico_code.dir/home/rituraj/pico-sdk/src/rp2_common/pico_runtime/runtime.c.obj
                0x0000000010001910                hard_assertion_failure
 .text.clocks_init
                0x000000001000191c      0x2bc CMakeFiles/pico_code.dir/home/rituraj/pico-sdk/src/rp2_common/hardware_clocks/clocks.c.obj
                0x000000001000191c                clocks_init
 .text.irq_set_enabled
                0x0000000010001bd8       0x24 CMakeFiles/pico_code.dir/home/rituraj/pico-sdk/src/rp2_common/hardware_irq/irq.c.obj
                0x0000000010001bd8                irq_set_enabled
 .text.irq_set_pending
                0x0000000010001bfc       0x10 CMakeFiles/pico_code.dir/home/rituraj/pico-sdk/src/rp2_common/hardware_irq/irq.c.obj
                0x0000000010001bfc                irq_set_pending
 .text.irq_get_vtable_handler
                0x0000000010001c0c       0x10 CMakeFiles/pico_code.dir/home/rituraj/pico-sdk/src/rp2_common/hardware_irq/irq.c.obj
                0x0000000010001c0c                irq_get_vtable_handler
 .text.irq_set_exclusive_handler
                0x0000000010001c1c       0x54 CMakeFiles/pico_code.dir/home/rituraj/pico-sdk/src/rp2_common/hardware_irq/irq.c.obj
                0x0000000010001c1c                irq_set_exclusive_handler
 .text.irq_remove_handler
                0x0000000010001c70      0x1b8 CMakeFiles/pico_code.dir/home/rituraj/pico-sdk/src/rp2_common/hardware_irq/irq.c.obj
                0x0000000010001c70                irq_remove_handler
 .text.irq_add_tail_to_free_list
                0x0000000010001e28       0xb8 CMakeFiles/pico_code.dir/home/rituraj/pico-sdk/src/rp2_common/hardware_irq/irq.c.obj
                0x0000000010001e28                irq_add_tail_to_free_list
 .text.irq_init_priorities
                0x0000000010001ee0       0x24 CMakeFiles/pico_code.dir/home/rituraj/pico-sdk/src/rp2_common/hardware_irq/irq.c.obj
                0x0000000010001ee0                irq_init_priorities
 .text.pll_init
                0x0000000010001f04       0xa4 CMakeFiles/pico_code.dir/home/rituraj/pico-sdk/src/rp2_common/hardware_pll/pll.c.obj
                0x0000000010001f04                pll_init
 .text.watchdog_start_tick
                0x0000000010001fa8       0x10 CMakeFiles/pico_code.dir/home/rituraj/pico-sdk/src/rp2_common/hardware_watchdog/watchdog.c.obj
                0x0000000010001fa8                watchdog_start_tick
 .text.watchdog_reboot
                0x0000000010001fb8       0x98 CMakeFiles/pico_code.dir/home/rituraj/pico-sdk/src/rp2_common/hardware_watchdog/watchdog.c.obj
                0x0000000010001fb8                watchdog_reboot
 .text.xosc_init
                0x0000000010002050       0x28 CMakeFiles/pico_code.dir/home/rituraj/pico-sdk/src/rp2_common/hardware_xosc/xosc.c.obj
                0x0000000010002050                xosc_init
 .text._out_buffer
                0x0000000010002078        0x8 CMakeFiles/pico_code.dir/home/rituraj/pico-sdk/src/rp2_common/pico_printf/printf.c.obj
 .text._out_null
                0x0000000010002080        0x4 CMakeFiles/pico_code.dir/home/rituraj/pico-sdk/src/rp2_common/pico_printf/printf.c.obj
 .text._out_rev
                0x0000000010002084       0xd0 CMakeFiles/pico_code.dir/home/rituraj/pico-sdk/src/rp2_common/pico_printf/printf.c.obj
 .text._ntoa_format
                0x0000000010002154      0x1d0 CMakeFiles/pico_code.dir/home/rituraj/pico-sdk/src/rp2_common/pico_printf/printf.c.obj
 .text._out_char
                0x0000000010002324       0x10 CMakeFiles/pico_code.dir/home/rituraj/pico-sdk/src/rp2_common/pico_printf/printf.c.obj
 .text._etoa    0x0000000010002334      0x478 CMakeFiles/pico_code.dir/home/rituraj/pico-sdk/src/rp2_common/pico_printf/printf.c.obj
 .text._ftoa    0x00000000100027ac      0x3e0 CMakeFiles/pico_code.dir/home/rituraj/pico-sdk/src/rp2_common/pico_printf/printf.c.obj
 .text._vsnprintf
                0x0000000010002b8c      0xb08 CMakeFiles/pico_code.dir/home/rituraj/pico-sdk/src/rp2_common/pico_printf/printf.c.obj
 .text.__wrap_snprintf
                0x0000000010003694       0x28 CMakeFiles/pico_code.dir/home/rituraj/pico-sdk/src/rp2_common/pico_printf/printf.c.obj
                0x0000000010003694                __wrap_snprintf
 .text.__wrap_vsnprintf
                0x00000000100036bc       0x1c CMakeFiles/pico_code.dir/home/rituraj/pico-sdk/src/rp2_common/pico_printf/printf.c.obj
                0x00000000100036bc                __wrap_vsnprintf
 .text.weak_raw_vprintf
                0x00000000100036d8       0x30 CMakeFiles/pico_code.dir/home/rituraj/pico-sdk/src/rp2_common/pico_printf/printf.c.obj
                0x00000000100036d8                weak_raw_vprintf
 .text          0x0000000010003708       0x10 CMakeFiles/pico_code.dir/home/rituraj/pico-sdk/src/rp2_common/pico_bit_ops/bit_ops_aeabi.S.obj
 .text.rom_func_lookup
                0x0000000010003718       0x10 CMakeFiles/pico_code.dir/home/rituraj/pico-sdk/src/rp2_common/pico_bootrom/bootrom.c.obj
                0x0000000010003718                rom_func_lookup
 .text.rom_data_lookup
                0x0000000010003728       0x10 CMakeFiles/pico_code.dir/home/rituraj/pico-sdk/src/rp2_common/pico_bootrom/bootrom.c.obj
                0x0000000010003728                rom_data_lookup
 .text.rom_funcs_lookup
                0x0000000010003738       0x3c CMakeFiles/pico_code.dir/home/rituraj/pico-sdk/src/rp2_common/pico_bootrom/bootrom.c.obj
                0x0000000010003738                rom_funcs_lookup
 .text.__wrap___aeabi_idiv
                0x0000000010003774       0x50 CMakeFiles/pico_code.dir/home/rituraj/pico-sdk/src/rp2_common/pico_divider/divider.S.obj
                0x0000000010003774                __wrap___aeabi_idivmod
                0x0000000010003774                divmod_s32s32
                0x0000000010003774                div_s32s32
                0x0000000010003774                __wrap___aeabi_idiv
                0x000000001000377c                divmod_s32s32_unsafe
                0x00000000100037a8                divmod_s32s32_savestate
 .text.__wrap___aeabi_uidiv
                0x00000000100037c4       0x4c CMakeFiles/pico_code.dir/home/rituraj/pico-sdk/src/rp2_common/pico_divider/divider.S.obj
                0x00000000100037c4                __wrap___aeabi_uidiv
                0x00000000100037c4                __wrap___aeabi_uidivmod
                0x00000000100037c4                div_u32u32
                0x00000000100037c4                divmod_u32u32
                0x00000000100037cc                divmod_u32u32_unsafe
                0x00000000100037f4                divmod_u32u32_savestate
 .text.__wrap___aeabi_ldiv
                0x0000000010003810      0x434 CMakeFiles/pico_code.dir/home/rituraj/pico-sdk/src/rp2_common/pico_divider/divider.S.obj
                0x0000000010003810                div_s64s64
                0x0000000010003810                divmod_s64s64
                0x0000000010003810                __wrap___aeabi_ldivmod
                0x0000000010003848                div_u64u64
                0x0000000010003848                divmod_u64u64
                0x0000000010003848                __wrap___aeabi_uldivmod
                0x0000000010003858                divmod_u64u64_savestate
                0x0000000010003880                divmod_s64s64_unsafe
                0x0000000010003908                divmod_u64u64_unsafe
 .text.__wrap___aeabi_darithmetic
                0x0000000010003c44       0x80 CMakeFiles/pico_code.dir/home/rituraj/pico-sdk/src/rp2_common/pico_double/double_aeabi.S.obj
                0x0000000010003c44                __wrap___aeabi_drsub
                0x0000000010003c4a                __wrap___aeabi_dsub
                0x0000000010003c5c                __wrap___aeabi_dadd
                0x0000000010003c6e                __wrap___aeabi_ddiv
                0x0000000010003caa                __wrap___aeabi_dmul
 .text.__wrap___aeabi_cdcmple
                0x0000000010003cc4       0x6c CMakeFiles/pico_code.dir/home/rituraj/pico-sdk/src/rp2_common/pico_double/double_aeabi.S.obj
                0x0000000010003cc4                __wrap___aeabi_cdrcmple
                0x0000000010003cd4                __wrap___aeabi_cdcmple
                0x0000000010003cd4                __wrap___aeabi_cdcmpeq
 .text.__wrap___aeabi_dcmplt
                0x0000000010003d30        0xc CMakeFiles/pico_code.dir/home/rituraj/pico-sdk/src/rp2_common/pico_double/double_aeabi.S.obj
                0x0000000010003d30                __wrap___aeabi_dcmplt
 .text.__wrap___aeabi_dcmple
                0x0000000010003d3c       0x10 CMakeFiles/pico_code.dir/home/rituraj/pico-sdk/src/rp2_common/pico_double/double_aeabi.S.obj
                0x0000000010003d3c                __wrap___aeabi_dcmple
 .text.__wrap___aeabi_dcmpge
                0x0000000010003d4c       0x10 CMakeFiles/pico_code.dir/home/rituraj/pico-sdk/src/rp2_common/pico_double/double_aeabi.S.obj
                0x0000000010003d4c                __wrap___aeabi_dcmpge
 .text.__wrap___aeabi_dcmpgt
                0x0000000010003d5c        0xa CMakeFiles/pico_code.dir/home/rituraj/pico-sdk/src/rp2_common/pico_double/double_aeabi.S.obj
                0x0000000010003d5c                __wrap___aeabi_dcmpgt
 .text.__wrap___aeabi_dcmpun
                0x0000000010003d66       0x1c CMakeFiles/pico_code.dir/home/rituraj/pico-sdk/src/rp2_common/pico_double/double_aeabi.S.obj
                0x0000000010003d66                __wrap___aeabi_dcmpun
 *fill*         0x0000000010003d82        0x2 
 .text.__wrap___aeabi_i2d
                0x0000000010003d84       0x38 CMakeFiles/pico_code.dir/home/rituraj/pico-sdk/src/rp2_common/pico_double/double_aeabi.S.obj
                0x0000000010003d84                __wrap___aeabi_ui2d
                0x0000000010003d8c                __wrap___aeabi_i2d
 .text.__wrap___aeabi_d2iz
                0x0000000010003dbc       0x48 CMakeFiles/pico_code.dir/home/rituraj/pico-sdk/src/rp2_common/pico_double/double_aeabi.S.obj
                0x0000000010003dbc                __wrap___aeabi_d2iz
                0x0000000010003dbc                double2int_z
 .text.__wrap___aeabi_d2uiz
                0x0000000010003e04       0x18 CMakeFiles/pico_code.dir/home/rituraj/pico-sdk/src/rp2_common/pico_double/double_aeabi.S.obj
                0x0000000010003e04                double2uint
                0x0000000010003e04                __wrap___aeabi_d2uiz
 .text.__wrap___aeabi_d2f
                0x0000000010003e1c       0x18 CMakeFiles/pico_code.dir/home/rituraj/pico-sdk/src/rp2_common/pico_double/double_aeabi.S.obj
                0x0000000010003e1c                __wrap___aeabi_d2f
 .text.__aeabi_double_init
                0x0000000010003e34       0xc0 CMakeFiles/pico_code.dir/home/rituraj/pico-sdk/src/rp2_common/pico_double/double_init_rom.c.obj
                0x0000000010003e34                __aeabi_double_init
 .text.double_table_shim_on_use_helper
                0x0000000010003ef4       0x2c CMakeFiles/pico_code.dir/home/rituraj/pico-sdk/src/rp2_common/pico_double/double_v1_rom_shim.S.obj
                0x0000000010003ef4                double_table_shim_on_use_helper
 .text.__wrap___aeabi_dsub
                0x0000000010003f20       0x10 CMakeFiles/pico_code.dir/home/rituraj/pico-sdk/src/rp2_common/pico_double/double_v1_rom_shim.S.obj
                0x0000000010003f20                drsub_shim
                0x0000000010003f26                dsub_shim
 .text.dadd_shim
                0x0000000010003f30      0x15c CMakeFiles/pico_code.dir/home/rituraj/pico-sdk/src/rp2_common/pico_double/double_v1_rom_shim.S.obj
                0x0000000010003f30                dadd_shim
 .text.dmul_shim
                0x000000001000408c      0x15c CMakeFiles/pico_code.dir/home/rituraj/pico-sdk/src/rp2_common/pico_double/double_v1_rom_shim.S.obj
                0x000000001000408c                dmul_shim
 .text.ddiv_shim
                0x00000000100041e8      0x1b0 CMakeFiles/pico_code.dir/home/rituraj/pico-sdk/src/rp2_common/pico_double/double_v1_rom_shim.S.obj
                0x00000000100041e8                ddiv_shim
 .text.double2uint_shim
                0x0000000010004398        0xe CMakeFiles/pico_code.dir/home/rituraj/pico-sdk/src/rp2_common/pico_double/double_v1_rom_shim.S.obj
                0x0000000010004398                double2uint_shim
                0x000000001000439a                double2ufix_shim
 *fill*         0x00000000100043a6        0x2 
 .text.double2uint64_shim
                0x00000000100043a8       0x70 CMakeFiles/pico_code.dir/home/rituraj/pico-sdk/src/rp2_common/pico_double/double_v1_rom_shim.S.obj
                0x00000000100043a8                double2uint64_shim
                0x00000000100043aa                double2ufix64_shim
                0x00000000100043ca                d2fix_a
 .text.double2float_shim
                0x0000000010004418       0x5c CMakeFiles/pico_code.dir/home/rituraj/pico-sdk/src/rp2_common/pico_double/double_v1_rom_shim.S.obj
                0x0000000010004418                double2float_shim
 .text.dunpacks
                0x0000000010004474       0x3c CMakeFiles/pico_code.dir/home/rituraj/pico-sdk/src/rp2_common/pico_double/double_v1_rom_shim.S.obj
                0x0000000010004474                dunpacks
 .text.__aeabi_lmul
                0x00000000100044b0       0x32 CMakeFiles/pico_code.dir/home/rituraj/pico-sdk/src/rp2_common/pico_int64_ops/pico_int64_ops_aeabi.S.obj
                0x00000000100044b0                __wrap___aeabi_lmul
 *fill*         0x00000000100044e2        0x2 
 .text.__wrap___aeabi_farithmetic
                0x00000000100044e4       0x48 CMakeFiles/pico_code.dir/home/rituraj/pico-sdk/src/rp2_common/pico_float/float_aeabi.S.obj
                0x00000000100044e4                __wrap___aeabi_frsub
                0x00000000100044ea                __wrap___aeabi_fsub
                0x00000000100044f0                __wrap___aeabi_fadd
                0x00000000100044f6                __wrap___aeabi_fdiv
                0x000000001000451e                __wrap___aeabi_fmul
 .text.__wrap___aeabi_cfcmple
                0x000000001000452c       0x50 CMakeFiles/pico_code.dir/home/rituraj/pico-sdk/src/rp2_common/pico_float/float_aeabi.S.obj
                0x000000001000452c                __wrap___aeabi_cfrcmple
                0x0000000010004538                __wrap___aeabi_cfcmpeq
                0x0000000010004538                __wrap___aeabi_cfcmple
 .text.__wrap___aeabi_fcmpeq
                0x000000001000457c       0x10 CMakeFiles/pico_code.dir/home/rituraj/pico-sdk/src/rp2_common/pico_float/float_aeabi.S.obj
                0x000000001000457c                __wrap___aeabi_fcmpeq
 .text.__wrap___aeabi_fcmplt
                0x000000001000458c        0xc CMakeFiles/pico_code.dir/home/rituraj/pico-sdk/src/rp2_common/pico_float/float_aeabi.S.obj
                0x000000001000458c                __wrap___aeabi_fcmplt
 .text.__wrap___aeabi_fcmpge
                0x0000000010004598       0x10 CMakeFiles/pico_code.dir/home/rituraj/pico-sdk/src/rp2_common/pico_float/float_aeabi.S.obj
                0x0000000010004598                __wrap___aeabi_fcmpge
 .text.__wrap___aeabi_fcmpgt
                0x00000000100045a8        0xa CMakeFiles/pico_code.dir/home/rituraj/pico-sdk/src/rp2_common/pico_float/float_aeabi.S.obj
                0x00000000100045a8                __wrap___aeabi_fcmpgt
 .text.__wrap___aeabi_ui2f
                0x00000000100045b2        0xa CMakeFiles/pico_code.dir/home/rituraj/pico-sdk/src/rp2_common/pico_float/float_aeabi.S.obj
                0x00000000100045b2                __wrap___aeabi_ui2f
 .text.__wrap___aeabi_i2f
                0x00000000100045bc       0x44 CMakeFiles/pico_code.dir/home/rituraj/pico-sdk/src/rp2_common/pico_float/float_aeabi.S.obj
                0x00000000100045bc                __wrap___aeabi_i2f
 .text.__wrap___aeabi_f2iz
                0x0000000010004600       0x4e CMakeFiles/pico_code.dir/home/rituraj/pico-sdk/src/rp2_common/pico_float/float_aeabi.S.obj
                0x0000000010004600                __wrap___aeabi_f2iz
                0x0000000010004600                float2int_z
 *fill*         0x000000001000464e        0x2 
 .text.float2int
                0x0000000010004650       0x14 CMakeFiles/pico_code.dir/home/rituraj/pico-sdk/src/rp2_common/pico_float/float_aeabi.S.obj
                0x0000000010004650                float2int
 .text.__wrap___aeabi_f2uiz
                0x0000000010004664        0xc CMakeFiles/pico_code.dir/home/rituraj/pico-sdk/src/rp2_common/pico_float/float_aeabi.S.obj
                0x0000000010004664                __wrap___aeabi_f2uiz
 .text.__wrap___aeabi_f2d
                0x0000000010004670       0x14 CMakeFiles/pico_code.dir/home/rituraj/pico-sdk/src/rp2_common/pico_float/float_aeabi.S.obj
                0x0000000010004670                __wrap___aeabi_f2d
 .text.__aeabi_float_init
                0x0000000010004684       0x64 CMakeFiles/pico_code.dir/home/rituraj/pico-sdk/src/rp2_common/pico_float/float_init_rom.c.obj
                0x0000000010004684                __aeabi_float_init
 .text.float_table_shim_on_use_helper
                0x00000000100046e8       0x2c CMakeFiles/pico_code.dir/home/rituraj/pico-sdk/src/rp2_common/pico_float/float_v1_rom_shim.S.obj
                0x00000000100046e8                float_table_shim_on_use_helper
 .text.float232_shims
                0x0000000010004714       0x18 CMakeFiles/pico_code.dir/home/rituraj/pico-sdk/src/rp2_common/pico_float/float_v1_rom_shim.S.obj
                0x0000000010004714                float2int_shim
                0x0000000010004716                float2fix_shim
 .text.float2double_shim
                0x000000001000472c       0x30 CMakeFiles/pico_code.dir/home/rituraj/pico-sdk/src/rp2_common/pico_float/float_v1_rom_shim.S.obj
                0x000000001000472c                float2double_shim
 .text.__wrap_malloc
                0x000000001000475c       0x3c CMakeFiles/pico_code.dir/home/rituraj/pico-sdk/src/rp2_common/pico_malloc/pico_malloc.c.obj
                0x000000001000475c                __wrap_malloc
 .text.__wrap_calloc
                0x0000000010004798       0x40 CMakeFiles/pico_code.dir/home/rituraj/pico-sdk/src/rp2_common/pico_malloc/pico_malloc.c.obj
                0x0000000010004798                __wrap_calloc
 .text.__wrap_free
                0x00000000100047d8       0x20 CMakeFiles/pico_code.dir/home/rituraj/pico-sdk/src/rp2_common/pico_malloc/pico_malloc.c.obj
                0x00000000100047d8                __wrap_free
 .text          0x00000000100047f8       0x10 CMakeFiles/pico_code.dir/home/rituraj/pico-sdk/src/rp2_common/pico_mem_ops/mem_ops_aeabi.S.obj
                0x00000000100047f8                __aeabi_mem_init
 .text.memset   0x0000000010004808        0xc CMakeFiles/pico_code.dir/home/rituraj/pico-sdk/src/rp2_common/pico_mem_ops/mem_ops_aeabi.S.obj
                0x0000000010004808                __wrap_memset
 .text.memcpy   0x0000000010004814        0xc CMakeFiles/pico_code.dir/home/rituraj/pico-sdk/src/rp2_common/pico_mem_ops/mem_ops_aeabi.S.obj
                0x0000000010004814                __wrap___aeabi_memcpy
                0x0000000010004814                __wrap_memcpy
 .text.stdio_out_chars_no_crlf
                0x0000000010004820       0x10 CMakeFiles/pico_code.dir/home/rituraj/pico-sdk/src/rp2_common/pico_stdio/stdio.c.obj
 .text.stdio_out_chars_crlf
                0x0000000010004830       0x10 CMakeFiles/pico_code.dir/home/rituraj/pico-sdk/src/rp2_common/pico_stdio/stdio.c.obj
 .text.stdio_put_string
                0x0000000010004840      0x100 CMakeFiles/pico_code.dir/home/rituraj/pico-sdk/src/rp2_common/pico_stdio/stdio.c.obj
 .text.__wrap_putchar
                0x0000000010004940       0xa4 CMakeFiles/pico_code.dir/home/rituraj/pico-sdk/src/rp2_common/pico_stdio/stdio.c.obj
                0x0000000010004940                __wrap_putchar
 .text.__wrap_puts
                0x00000000100049e4       0x3c CMakeFiles/pico_code.dir/home/rituraj/pico-sdk/src/rp2_common/pico_stdio/stdio.c.obj
                0x00000000100049e4                __wrap_puts
 .text.stdio_set_driver_enabled
                0x0000000010004a20       0x3c CMakeFiles/pico_code.dir/home/rituraj/pico-sdk/src/rp2_common/pico_stdio/stdio.c.obj
                0x0000000010004a20                stdio_set_driver_enabled
 .text.stdio_init_all
                0x0000000010004a5c        0x8 CMakeFiles/pico_code.dir/home/rituraj/pico-sdk/src/rp2_common/pico_stdio/stdio.c.obj
                0x0000000010004a5c                stdio_init_all
 .text.getchar_timeout_us
                0x0000000010004a64       0xa4 CMakeFiles/pico_code.dir/home/rituraj/pico-sdk/src/rp2_common/pico_stdio/stdio.c.obj
                0x0000000010004a64                getchar_timeout_us
 .text.resetd_init
                0x0000000010004b08        0x4 CMakeFiles/pico_code.dir/home/rituraj/pico-sdk/src/rp2_common/pico_stdio_usb/reset_interface.c.obj
 .text.resetd_reset
                0x0000000010004b0c        0xc CMakeFiles/pico_code.dir/home/rituraj/pico-sdk/src/rp2_common/pico_stdio_usb/reset_interface.c.obj
 .text.resetd_open
                0x0000000010004b18       0x28 CMakeFiles/pico_code.dir/home/rituraj/pico-sdk/src/rp2_common/pico_stdio_usb/reset_interface.c.obj
 .text.resetd_xfer_cb
                0x0000000010004b40        0x4 CMakeFiles/pico_code.dir/home/rituraj/pico-sdk/src/rp2_common/pico_stdio_usb/reset_interface.c.obj
 .text.resetd_control_xfer_cb
                0x0000000010004b44       0x64 CMakeFiles/pico_code.dir/home/rituraj/pico-sdk/src/rp2_common/pico_stdio_usb/reset_interface.c.obj
 .text.usbd_app_driver_get_cb
                0x0000000010004ba8        0xc CMakeFiles/pico_code.dir/home/rituraj/pico-sdk/src/rp2_common/pico_stdio_usb/reset_interface.c.obj
                0x0000000010004ba8                usbd_app_driver_get_cb
 .text.tud_cdc_line_coding_cb
                0x0000000010004bb4       0x34 CMakeFiles/pico_code.dir/home/rituraj/pico-sdk/src/rp2_common/pico_stdio_usb/reset_interface.c.obj
                0x0000000010004bb4                tud_cdc_line_coding_cb
 .text.stdio_usb_in_chars
                0x0000000010004be8       0x68 CMakeFiles/pico_code.dir/home/rituraj/pico-sdk/src/rp2_common/pico_stdio_usb/stdio_usb.c.obj
                0x0000000010004be8                stdio_usb_in_chars
 .text.stdio_usb_out_chars
                0x0000000010004c50       0xec CMakeFiles/pico_code.dir/home/rituraj/pico-sdk/src/rp2_common/pico_stdio_usb/stdio_usb.c.obj
 .text.timer_task
                0x0000000010004d3c       0x10 CMakeFiles/pico_code.dir/home/rituraj/pico-sdk/src/rp2_common/pico_stdio_usb/stdio_usb.c.obj
 .text.low_priority_worker_irq
                0x0000000010004d4c       0x24 CMakeFiles/pico_code.dir/home/rituraj/pico-sdk/src/rp2_common/pico_stdio_usb/stdio_usb.c.obj
 .text.stdio_usb_init
                0x0000000010004d70       0x90 CMakeFiles/pico_code.dir/home/rituraj/pico-sdk/src/rp2_common/pico_stdio_usb/stdio_usb.c.obj
                0x0000000010004d70                stdio_usb_init
 .text.tud_descriptor_device_cb
                0x0000000010004e00        0x8 CMakeFiles/pico_code.dir/home/rituraj/pico-sdk/src/rp2_common/pico_stdio_usb/stdio_usb_descriptors.c.obj
                0x0000000010004e00                tud_descriptor_device_cb
 .text.tud_descriptor_configuration_cb
                0x0000000010004e08        0x8 CMakeFiles/pico_code.dir/home/rituraj/pico-sdk/src/rp2_common/pico_stdio_usb/stdio_usb_descriptors.c.obj
                0x0000000010004e08                tud_descriptor_configuration_cb
 .text.tud_descriptor_string_cb
                0x0000000010004e10       0x70 CMakeFiles/pico_code.dir/home/rituraj/pico-sdk/src/rp2_common/pico_stdio_usb/stdio_usb_descriptors.c.obj
                0x0000000010004e10                tud_descriptor_string_cb
 .text.dcd_rp2040_irq
                0x0000000010004e80      0x21c CMakeFiles/pico_code.dir/home/rituraj/pico-sdk/lib/tinyusb/src/portable/raspberrypi/rp2040/dcd_rp2040.c.obj
 .text.dcd_int_enable
                0x000000001000509c        0xc CMakeFiles/pico_code.dir/home/rituraj/pico-sdk/lib/tinyusb/src/portable/raspberrypi/rp2040/dcd_rp2040.c.obj
                0x000000001000509c                dcd_int_enable
 .text.dcd_set_address
                0x00000000100050a8       0x14 CMakeFiles/pico_code.dir/home/rituraj/pico-sdk/lib/tinyusb/src/portable/raspberrypi/rp2040/dcd_rp2040.c.obj
                0x00000000100050a8                dcd_set_address
 .text.dcd_connect
                0x00000000100050bc       0x10 CMakeFiles/pico_code.dir/home/rituraj/pico-sdk/lib/tinyusb/src/portable/raspberrypi/rp2040/dcd_rp2040.c.obj
                0x00000000100050bc                dcd_connect
 .text.dcd_init
                0x00000000100050cc      0x148 CMakeFiles/pico_code.dir/home/rituraj/pico-sdk/lib/tinyusb/src/portable/raspberrypi/rp2040/dcd_rp2040.c.obj
                0x00000000100050cc                dcd_init
 .text.dcd_edpt0_status_complete
                0x0000000010005214       0x1c CMakeFiles/pico_code.dir/home/rituraj/pico-sdk/lib/tinyusb/src/portable/raspberrypi/rp2040/dcd_rp2040.c.obj
                0x0000000010005214                dcd_edpt0_status_complete
 .text.dcd_edpt_open
                0x0000000010005230       0xf0 CMakeFiles/pico_code.dir/home/rituraj/pico-sdk/lib/tinyusb/src/portable/raspberrypi/rp2040/dcd_rp2040.c.obj
                0x0000000010005230                dcd_edpt_open
 .text.dcd_edpt_close_all
                0x0000000010005320       0xbc CMakeFiles/pico_code.dir/home/rituraj/pico-sdk/lib/tinyusb/src/portable/raspberrypi/rp2040/dcd_rp2040.c.obj
                0x0000000010005320                dcd_edpt_close_all
 .text.dcd_edpt_xfer
                0x00000000100053dc       0x24 CMakeFiles/pico_code.dir/home/rituraj/pico-sdk/lib/tinyusb/src/portable/raspberrypi/rp2040/dcd_rp2040.c.obj
                0x00000000100053dc                dcd_edpt_xfer
 .text.dcd_edpt_stall
                0x0000000010005400       0x38 CMakeFiles/pico_code.dir/home/rituraj/pico-sdk/lib/tinyusb/src/portable/raspberrypi/rp2040/dcd_rp2040.c.obj
                0x0000000010005400                dcd_edpt_stall
 .text.dcd_edpt_clear_stall
                0x0000000010005438       0x30 CMakeFiles/pico_code.dir/home/rituraj/pico-sdk/lib/tinyusb/src/portable/raspberrypi/rp2040/dcd_rp2040.c.obj
                0x0000000010005438                dcd_edpt_clear_stall
 .text._hw_endpoint_buffer_control_update32.part.0
                0x0000000010005468       0x20 CMakeFiles/pico_code.dir/home/rituraj/pico-sdk/lib/tinyusb/src/portable/raspberrypi/rp2040/rp2040_usb.c.obj
 .text.rp2040_usb_init
                0x0000000010005488       0x4c CMakeFiles/pico_code.dir/home/rituraj/pico-sdk/lib/tinyusb/src/portable/raspberrypi/rp2040/rp2040_usb.c.obj
                0x0000000010005488                rp2040_usb_init
 .text.hw_endpoint_reset_transfer
                0x00000000100054d4        0xc CMakeFiles/pico_code.dir/home/rituraj/pico-sdk/lib/tinyusb/src/portable/raspberrypi/rp2040/rp2040_usb.c.obj
                0x00000000100054d4                hw_endpoint_reset_transfer
 .text._hw_endpoint_buffer_control_update32
                0x00000000100054e0       0x40 CMakeFiles/pico_code.dir/home/rituraj/pico-sdk/lib/tinyusb/src/portable/raspberrypi/rp2040/rp2040_usb.c.obj
                0x00000000100054e0                _hw_endpoint_buffer_control_update32
 .text.hw_endpoint_xfer_start
                0x0000000010005520      0x138 CMakeFiles/pico_code.dir/home/rituraj/pico-sdk/lib/tinyusb/src/portable/raspberrypi/rp2040/rp2040_usb.c.obj
                0x0000000010005520                hw_endpoint_xfer_start
 .text.hw_endpoint_xfer_continue
                0x0000000010005658      0x1e4 CMakeFiles/pico_code.dir/home/rituraj/pico-sdk/lib/tinyusb/src/portable/raspberrypi/rp2040/rp2040_usb.c.obj
                0x0000000010005658                hw_endpoint_xfer_continue
 .text.tud_mounted
                0x000000001000583c       0x10 CMakeFiles/pico_code.dir/home/rituraj/pico-sdk/lib/tinyusb/src/device/usbd.c.obj
                0x000000001000583c                tud_mounted
 .text.tud_suspended
                0x000000001000584c       0x10 CMakeFiles/pico_code.dir/home/rituraj/pico-sdk/lib/tinyusb/src/device/usbd.c.obj
                0x000000001000584c                tud_suspended
 .text.tud_inited
                0x000000001000585c        0xc CMakeFiles/pico_code.dir/home/rituraj/pico-sdk/lib/tinyusb/src/device/usbd.c.obj
                0x000000001000585c                tud_inited
 .text.tud_init
                0x0000000010005868       0xd8 CMakeFiles/pico_code.dir/home/rituraj/pico-sdk/lib/tinyusb/src/device/usbd.c.obj
                0x0000000010005868                tud_init
 .text.tud_task
                0x0000000010005940      0x8ec CMakeFiles/pico_code.dir/home/rituraj/pico-sdk/lib/tinyusb/src/device/usbd.c.obj
                0x0000000010005940                tud_task
 .text.dcd_event_bus_signal
                0x000000001000622c      0x120 CMakeFiles/pico_code.dir/home/rituraj/pico-sdk/lib/tinyusb/src/device/usbd.c.obj
                0x000000001000622c                dcd_event_bus_signal
 .text.dcd_event_bus_reset
                0x000000001000634c       0x54 CMakeFiles/pico_code.dir/home/rituraj/pico-sdk/lib/tinyusb/src/device/usbd.c.obj
                0x000000001000634c                dcd_event_bus_reset
 .text.dcd_event_setup_received
                0x00000000100063a0       0x50 CMakeFiles/pico_code.dir/home/rituraj/pico-sdk/lib/tinyusb/src/device/usbd.c.obj
                0x00000000100063a0                dcd_event_setup_received
 .text.dcd_event_xfer_complete
                0x00000000100063f0       0x68 CMakeFiles/pico_code.dir/home/rituraj/pico-sdk/lib/tinyusb/src/device/usbd.c.obj
                0x00000000100063f0                dcd_event_xfer_complete
 .text.usbd_open_edpt_pair
                0x0000000010006458       0x80 CMakeFiles/pico_code.dir/home/rituraj/pico-sdk/lib/tinyusb/src/device/usbd.c.obj
                0x0000000010006458                usbd_open_edpt_pair
 .text.usbd_edpt_open
                0x00000000100064d8       0x30 CMakeFiles/pico_code.dir/home/rituraj/pico-sdk/lib/tinyusb/src/device/usbd.c.obj
                0x00000000100064d8                usbd_edpt_open
 .text.usbd_edpt_claim
                0x0000000010006508       0x64 CMakeFiles/pico_code.dir/home/rituraj/pico-sdk/lib/tinyusb/src/device/usbd.c.obj
                0x0000000010006508                usbd_edpt_claim
 .text.usbd_edpt_release
                0x000000001000656c       0x4c CMakeFiles/pico_code.dir/home/rituraj/pico-sdk/lib/tinyusb/src/device/usbd.c.obj
                0x000000001000656c                usbd_edpt_release
 .text.usbd_edpt_xfer
                0x00000000100065b8       0x48 CMakeFiles/pico_code.dir/home/rituraj/pico-sdk/lib/tinyusb/src/device/usbd.c.obj
                0x00000000100065b8                usbd_edpt_xfer
 .text.tud_control_status
                0x0000000010006600       0x30 CMakeFiles/pico_code.dir/home/rituraj/pico-sdk/lib/tinyusb/src/device/usbd_control.c.obj
                0x0000000010006600                tud_control_status
 .text.tud_control_xfer
                0x0000000010006630       0xb8 CMakeFiles/pico_code.dir/home/rituraj/pico-sdk/lib/tinyusb/src/device/usbd_control.c.obj
                0x0000000010006630                tud_control_xfer
 .text.usbd_control_reset
                0x00000000100066e8       0x14 CMakeFiles/pico_code.dir/home/rituraj/pico-sdk/lib/tinyusb/src/device/usbd_control.c.obj
                0x00000000100066e8                usbd_control_reset
 .text.usbd_control_set_complete_callback
                0x00000000100066fc        0xc CMakeFiles/pico_code.dir/home/rituraj/pico-sdk/lib/tinyusb/src/device/usbd_control.c.obj
                0x00000000100066fc                usbd_control_set_complete_callback
 .text.usbd_control_set_request
                0x0000000010006708       0x1c CMakeFiles/pico_code.dir/home/rituraj/pico-sdk/lib/tinyusb/src/device/usbd_control.c.obj
                0x0000000010006708                usbd_control_set_request
 .text.usbd_control_xfer_cb
                0x0000000010006724       0xf8 CMakeFiles/pico_code.dir/home/rituraj/pico-sdk/lib/tinyusb/src/device/usbd_control.c.obj
                0x0000000010006724                usbd_control_xfer_cb
 .text.tud_cdc_n_connected
                0x000000001000681c       0x30 CMakeFiles/pico_code.dir/home/rituraj/pico-sdk/lib/tinyusb/src/class/cdc/cdc_device.c.obj
                0x000000001000681c                tud_cdc_n_connected
 .text.tud_cdc_n_available
                0x000000001000684c       0x18 CMakeFiles/pico_code.dir/home/rituraj/pico-sdk/lib/tinyusb/src/class/cdc/cdc_device.c.obj
                0x000000001000684c                tud_cdc_n_available
 .text.tud_cdc_n_read
                0x0000000010006864       0x70 CMakeFiles/pico_code.dir/home/rituraj/pico-sdk/lib/tinyusb/src/class/cdc/cdc_device.c.obj
                0x0000000010006864                tud_cdc_n_read
 .text.tud_cdc_n_write_flush
                0x00000000100068d4       0x78 CMakeFiles/pico_code.dir/home/rituraj/pico-sdk/lib/tinyusb/src/class/cdc/cdc_device.c.obj
                0x00000000100068d4                tud_cdc_n_write_flush
 .text.tud_cdc_n_write
                0x000000001000694c       0x34 CMakeFiles/pico_code.dir/home/rituraj/pico-sdk/lib/tinyusb/src/class/cdc/cdc_device.c.obj
                0x000000001000694c                tud_cdc_n_write
 .text.tud_cdc_n_write_available
                0x0000000010006980       0x18 CMakeFiles/pico_code.dir/home/rituraj/pico-sdk/lib/tinyusb/src/class/cdc/cdc_device.c.obj
                0x0000000010006980                tud_cdc_n_write_available
 .text.cdcd_init
                0x0000000010006998       0x7c CMakeFiles/pico_code.dir/home/rituraj/pico-sdk/lib/tinyusb/src/class/cdc/cdc_device.c.obj
                0x0000000010006998                cdcd_init
 .text.cdcd_reset
                0x0000000010006a14       0x2c CMakeFiles/pico_code.dir/home/rituraj/pico-sdk/lib/tinyusb/src/class/cdc/cdc_device.c.obj
                0x0000000010006a14                cdcd_reset
 .text.cdcd_open
                0x0000000010006a40       0xe4 CMakeFiles/pico_code.dir/home/rituraj/pico-sdk/lib/tinyusb/src/class/cdc/cdc_device.c.obj
                0x0000000010006a40                cdcd_open
 .text.cdcd_control_xfer_cb
                0x0000000010006b24       0xe4 CMakeFiles/pico_code.dir/home/rituraj/pico-sdk/lib/tinyusb/src/class/cdc/cdc_device.c.obj
                0x0000000010006b24                cdcd_control_xfer_cb
 .text.cdcd_xfer_cb
                0x0000000010006c08      0x198 CMakeFiles/pico_code.dir/home/rituraj/pico-sdk/lib/tinyusb/src/class/cdc/cdc_device.c.obj
                0x0000000010006c08                cdcd_xfer_cb
 .text.tusb_init
                0x0000000010006da0        0xc CMakeFiles/pico_code.dir/home/rituraj/pico-sdk/lib/tinyusb/src/tusb.c.obj
                0x0000000010006da0                tusb_init
 .text.tusb_inited
                0x0000000010006dac        0x8 CMakeFiles/pico_code.dir/home/rituraj/pico-sdk/lib/tinyusb/src/tusb.c.obj
                0x0000000010006dac                tusb_inited
 .text.tu_edpt_validate
                0x0000000010006db4       0x78 CMakeFiles/pico_code.dir/home/rituraj/pico-sdk/lib/tinyusb/src/tusb.c.obj
                0x0000000010006db4                tu_edpt_validate
 .text.tu_edpt_bind_driver
                0x0000000010006e2c       0x2c CMakeFiles/pico_code.dir/home/rituraj/pico-sdk/lib/tinyusb/src/tusb.c.obj
                0x0000000010006e2c                tu_edpt_bind_driver
 .text.tu_fifo_config
                0x0000000010006e58       0x78 CMakeFiles/pico_code.dir/home/rituraj/pico-sdk/lib/tinyusb/src/common/tusb_fifo.c.obj
                0x0000000010006e58                tu_fifo_config
 .text.tu_fifo_count
                0x0000000010006ed0       0x20 CMakeFiles/pico_code.dir/home/rituraj/pico-sdk/lib/tinyusb/src/common/tusb_fifo.c.obj
                0x0000000010006ed0                tu_fifo_count
 .text.tu_fifo_empty
                0x0000000010006ef0       0x10 CMakeFiles/pico_code.dir/home/rituraj/pico-sdk/lib/tinyusb/src/common/tusb_fifo.c.obj
                0x0000000010006ef0                tu_fifo_empty
 .text.tu_fifo_remaining
                0x0000000010006f00       0x1c CMakeFiles/pico_code.dir/home/rituraj/pico-sdk/lib/tinyusb/src/common/tusb_fifo.c.obj
                0x0000000010006f00                tu_fifo_remaining
 .text.tu_fifo_read
                0x0000000010006f1c       0x9c CMakeFiles/pico_code.dir/home/rituraj/pico-sdk/lib/tinyusb/src/common/tusb_fifo.c.obj
                0x0000000010006f1c                tu_fifo_read
 .text.tu_fifo_read_n
                0x0000000010006fb8      0x100 CMakeFiles/pico_code.dir/home/rituraj/pico-sdk/lib/tinyusb/src/common/tusb_fifo.c.obj
                0x0000000010006fb8                tu_fifo_read_n
 .text.tu_fifo_write
                0x00000000100070b8       0x7c CMakeFiles/pico_code.dir/home/rituraj/pico-sdk/lib/tinyusb/src/common/tusb_fifo.c.obj
                0x00000000100070b8                tu_fifo_write
 .text.tu_fifo_write_n
                0x0000000010007134       0xf8 CMakeFiles/pico_code.dir/home/rituraj/pico-sdk/lib/tinyusb/src/common/tusb_fifo.c.obj
                0x0000000010007134                tu_fifo_write_n
 .text.tu_fifo_clear
                0x000000001000722c       0x4c CMakeFiles/pico_code.dir/home/rituraj/pico-sdk/lib/tinyusb/src/common/tusb_fifo.c.obj
                0x000000001000722c                tu_fifo_clear
 .text.tu_fifo_set_overwritable
                0x0000000010007278       0x3c CMakeFiles/pico_code.dir/home/rituraj/pico-sdk/lib/tinyusb/src/common/tusb_fifo.c.obj
                0x0000000010007278                tu_fifo_set_overwritable
 .text.startup._retrieve_unique_id_on_boot
                0x00000000100072b4       0x10 CMakeFiles/pico_code.dir/home/rituraj/pico-sdk/src/rp2_common/pico_unique_id/unique_id.c.obj
 .text.pico_get_unique_board_id_string
                0x00000000100072c4      0x1bc CMakeFiles/pico_code.dir/home/rituraj/pico-sdk/src/rp2_common/pico_unique_id/unique_id.c.obj
                0x00000000100072c4                pico_get_unique_board_id_string
 .text.flash_get_unique_id
                0x0000000010007480       0x40 CMakeFiles/pico_code.dir/home/rituraj/pico-sdk/src/rp2_common/hardware_flash/flash.c.obj
                0x0000000010007480                flash_get_unique_id
 .text.rosidl_typesupport_c__get_message_type_support_handle__geometry_msgs__msg__Twist
                0x00000000100074c0        0x8 /home/rituraj/CiPHER/captain_differential_code/libmicroros/libmicroros.a(libgeometry_msgs__rosidl_typesupport_c-twist__type_support.cpp.obj)
                0x00000000100074c0                rosidl_typesupport_c__get_message_type_support_handle__geometry_msgs__msg__Twist
 .text.get_serialized_size_geometry_msgs__msg__Twist
                0x00000000100074c8       0x24 /home/rituraj/CiPHER/captain_differential_code/libmicroros/libmicroros.a(libgeometry_msgs__rosidl_typesupport_microxrcedds_c-twist__type_support_c.c.obj)
                0x00000000100074c8                get_serialized_size_geometry_msgs__msg__Twist
 .text._Twist__cdr_deserialize
                0x00000000100074ec       0x2c /home/rituraj/CiPHER/captain_differential_code/libmicroros/libmicroros.a(libgeometry_msgs__rosidl_typesupport_microxrcedds_c-twist__type_support_c.c.obj)
 .text._Twist__cdr_serialize
                0x0000000010007518       0x30 /home/rituraj/CiPHER/captain_differential_code/libmicroros/libmicroros.a(libgeometry_msgs__rosidl_typesupport_microxrcedds_c-twist__type_support_c.c.obj)
 .text._Twist__get_serialized_size
                0x0000000010007548       0x20 /home/rituraj/CiPHER/captain_differential_code/libmicroros/libmicroros.a(libgeometry_msgs__rosidl_typesupport_microxrcedds_c-twist__type_support_c.c.obj)
 .text._Twist__max_serialized_size
                0x0000000010007568       0x24 /home/rituraj/CiPHER/captain_differential_code/libmicroros/libmicroros.a(libgeometry_msgs__rosidl_typesupport_microxrcedds_c-twist__type_support_c.c.obj)
 .text.rosidl_typesupport_microxrcedds_c__get_message_type_support_handle__geometry_msgs__msg__Twist
                0x000000001000758c        0x8 /home/rituraj/CiPHER/captain_differential_code/libmicroros/libmicroros.a(libgeometry_msgs__rosidl_typesupport_microxrcedds_c-twist__type_support_c.c.obj)
                0x000000001000758c                rosidl_typesupport_microxrcedds_c__get_message_type_support_handle__geometry_msgs__msg__Twist
 .text.get_serialized_size_geometry_msgs__msg__Vector3
                0x0000000010007594       0x38 /home/rituraj/CiPHER/captain_differential_code/libmicroros/libmicroros.a(libgeometry_msgs__rosidl_typesupport_microxrcedds_c-vector3__type_support_c.c.obj)
                0x0000000010007594                get_serialized_size_geometry_msgs__msg__Vector3
 .text._Vector3__cdr_deserialize
                0x00000000100075cc       0x28 /home/rituraj/CiPHER/captain_differential_code/libmicroros/libmicroros.a(libgeometry_msgs__rosidl_typesupport_microxrcedds_c-vector3__type_support_c.c.obj)
 .text._Vector3__cdr_serialize
                0x00000000100075f4       0x30 /home/rituraj/CiPHER/captain_differential_code/libmicroros/libmicroros.a(libgeometry_msgs__rosidl_typesupport_microxrcedds_c-vector3__type_support_c.c.obj)
 .text._Vector3__get_serialized_size
                0x0000000010007624       0x30 /home/rituraj/CiPHER/captain_differential_code/libmicroros/libmicroros.a(libgeometry_msgs__rosidl_typesupport_microxrcedds_c-vector3__type_support_c.c.obj)
 .text._Vector3__max_serialized_size
                0x0000000010007654       0x28 /home/rituraj/CiPHER/captain_differential_code/libmicroros/libmicroros.a(libgeometry_msgs__rosidl_typesupport_microxrcedds_c-vector3__type_support_c.c.obj)
 .text.max_serialized_size_geometry_msgs__msg__Vector3
                0x000000001000767c       0x34 /home/rituraj/CiPHER/captain_differential_code/libmicroros/libmicroros.a(libgeometry_msgs__rosidl_typesupport_microxrcedds_c-vector3__type_support_c.c.obj)
                0x000000001000767c                max_serialized_size_geometry_msgs__msg__Vector3
 .text.rosidl_typesupport_microxrcedds_c__get_message_type_support_handle__geometry_msgs__msg__Vector3
                0x00000000100076b0        0x8 /home/rituraj/CiPHER/captain_differential_code/libmicroros/libmicroros.a(libgeometry_msgs__rosidl_typesupport_microxrcedds_c-vector3__type_support_c.c.obj)
                0x00000000100076b0                rosidl_typesupport_microxrcedds_c__get_message_type_support_handle__geometry_msgs__msg__Vector3
 .text.ucdr_serialize_bool
                0x00000000100076b8       0x2c /home/rituraj/CiPHER/captain_differential_code/libmicroros/libmicroros.a(libmicrocdr-basic.c.obj)
                0x00000000100076b8                ucdr_serialize_bool
 .text.ucdr_deserialize_bool
                0x00000000100076e4       0x30 /home/rituraj/CiPHER/captain_differential_code/libmicroros/libmicroros.a(libmicrocdr-basic.c.obj)
                0x00000000100076e4                ucdr_deserialize_bool
 .text.ucdr_serialize_uint8_t
                0x0000000010007714       0x2c /home/rituraj/CiPHER/captain_differential_code/libmicroros/libmicroros.a(libmicrocdr-basic.c.obj)
                0x0000000010007714                ucdr_serialize_uint8_t
 .text.ucdr_deserialize_uint8_t
                0x0000000010007740       0x30 /home/rituraj/CiPHER/captain_differential_code/libmicroros/libmicroros.a(libmicrocdr-basic.c.obj)
                0x0000000010007740                ucdr_deserialize_uint8_t
 .text.ucdr_serialize_uint16_t
                0x0000000010007770       0xf4 /home/rituraj/CiPHER/captain_differential_code/libmicroros/libmicroros.a(libmicrocdr-basic.c.obj)
                0x0000000010007770                ucdr_serialize_uint16_t
 .text.ucdr_serialize_endian_uint16_t
                0x0000000010007864      0x100 /home/rituraj/CiPHER/captain_differential_code/libmicroros/libmicroros.a(libmicrocdr-basic.c.obj)
                0x0000000010007864                ucdr_serialize_endian_uint16_t
 .text.ucdr_deserialize_uint16_t
                0x0000000010007964       0xec /home/rituraj/CiPHER/captain_differential_code/libmicroros/libmicroros.a(libmicrocdr-basic.c.obj)
                0x0000000010007964                ucdr_deserialize_uint16_t
 .text.ucdr_deserialize_endian_uint16_t
                0x0000000010007a50       0xf8 /home/rituraj/CiPHER/captain_differential_code/libmicroros/libmicroros.a(libmicrocdr-basic.c.obj)
                0x0000000010007a50                ucdr_deserialize_endian_uint16_t
 .text.ucdr_serialize_uint32_t
                0x0000000010007b48      0x11c /home/rituraj/CiPHER/captain_differential_code/libmicroros/libmicroros.a(libmicrocdr-basic.c.obj)
                0x0000000010007b48                ucdr_serialize_uint32_t
 .text.ucdr_serialize_endian_uint32_t
                0x0000000010007c64      0x11c /home/rituraj/CiPHER/captain_differential_code/libmicroros/libmicroros.a(libmicrocdr-basic.c.obj)
                0x0000000010007c64                ucdr_serialize_endian_uint32_t
 .text.ucdr_deserialize_uint32_t
                0x0000000010007d80      0x11c /home/rituraj/CiPHER/captain_differential_code/libmicroros/libmicroros.a(libmicrocdr-basic.c.obj)
                0x0000000010007d80                ucdr_deserialize_uint32_t
 .text.ucdr_deserialize_endian_uint32_t
                0x0000000010007e9c      0x12c /home/rituraj/CiPHER/captain_differential_code/libmicroros/libmicroros.a(libmicrocdr-basic.c.obj)
                0x0000000010007e9c                ucdr_deserialize_endian_uint32_t
 .text.ucdr_serialize_uint64_t
                0x0000000010007fc8      0x170 /home/rituraj/CiPHER/captain_differential_code/libmicroros/libmicroros.a(libmicrocdr-basic.c.obj)
                0x0000000010007fc8                ucdr_serialize_uint64_t
 .text.ucdr_serialize_int16_t
                0x0000000010008138       0xf4 /home/rituraj/CiPHER/captain_differential_code/libmicroros/libmicroros.a(libmicrocdr-basic.c.obj)
                0x0000000010008138                ucdr_serialize_int16_t
 .text.ucdr_deserialize_int16_t
                0x000000001000822c       0xec /home/rituraj/CiPHER/captain_differential_code/libmicroros/libmicroros.a(libmicrocdr-basic.c.obj)
                0x000000001000822c                ucdr_deserialize_int16_t
 .text.ucdr_serialize_int32_t
                0x0000000010008318      0x11c /home/rituraj/CiPHER/captain_differential_code/libmicroros/libmicroros.a(libmicrocdr-basic.c.obj)
                0x0000000010008318                ucdr_serialize_int32_t
 .text.ucdr_deserialize_int32_t
                0x0000000010008434      0x11c /home/rituraj/CiPHER/captain_differential_code/libmicroros/libmicroros.a(libmicrocdr-basic.c.obj)
                0x0000000010008434                ucdr_deserialize_int32_t
 .text.ucdr_serialize_double
                0x0000000010008550      0x170 /home/rituraj/CiPHER/captain_differential_code/libmicroros/libmicroros.a(libmicrocdr-basic.c.obj)
                0x0000000010008550                ucdr_serialize_double
 .text.ucdr_deserialize_double
                0x00000000100086c0      0x180 /home/rituraj/CiPHER/captain_differential_code/libmicroros/libmicroros.a(libmicrocdr-basic.c.obj)
                0x00000000100086c0                ucdr_deserialize_double
 .text.ucdr_check_buffer_available_for
                0x0000000010008840       0x1c /home/rituraj/CiPHER/captain_differential_code/libmicroros/libmicroros.a(libmicrocdr-common.c.obj)
                0x0000000010008840                ucdr_check_buffer_available_for
 .text.ucdr_check_final_buffer_behavior
                0x000000001000885c       0x38 /home/rituraj/CiPHER/captain_differential_code/libmicroros/libmicroros.a(libmicrocdr-common.c.obj)
                0x000000001000885c                ucdr_check_final_buffer_behavior
 .text.ucdr_set_on_full_buffer_callback
                0x0000000010008894        0x8 /home/rituraj/CiPHER/captain_differential_code/libmicroros/libmicroros.a(libmicrocdr-common.c.obj)
                0x0000000010008894                ucdr_set_on_full_buffer_callback
 .text.ucdr_init_buffer_origin_offset_endian
                0x000000001000889c       0x28 /home/rituraj/CiPHER/captain_differential_code/libmicroros/libmicroros.a(libmicrocdr-common.c.obj)
                0x000000001000889c                ucdr_init_buffer_origin_offset_endian
 .text.ucdr_init_buffer_origin_offset
                0x00000000100088c4       0x14 /home/rituraj/CiPHER/captain_differential_code/libmicroros/libmicroros.a(libmicrocdr-common.c.obj)
                0x00000000100088c4                ucdr_init_buffer_origin_offset
 .text.ucdr_init_buffer_origin
                0x00000000100088d8       0x10 /home/rituraj/CiPHER/captain_differential_code/libmicroros/libmicroros.a(libmicrocdr-common.c.obj)
                0x00000000100088d8                ucdr_init_buffer_origin
 .text.ucdr_init_buffer
                0x00000000100088e8        0xc /home/rituraj/CiPHER/captain_differential_code/libmicroros/libmicroros.a(libmicrocdr-common.c.obj)
                0x00000000100088e8                ucdr_init_buffer
 .text.ucdr_alignment
                0x00000000100088f4       0x10 /home/rituraj/CiPHER/captain_differential_code/libmicroros/libmicroros.a(libmicrocdr-common.c.obj)
                0x00000000100088f4                ucdr_alignment
 .text.ucdr_buffer_alignment
                0x0000000010008904       0x1c /home/rituraj/CiPHER/captain_differential_code/libmicroros/libmicroros.a(libmicrocdr-common.c.obj)
                0x0000000010008904                ucdr_buffer_alignment
 .text.ucdr_align_to
                0x0000000010008920       0x24 /home/rituraj/CiPHER/captain_differential_code/libmicroros/libmicroros.a(libmicrocdr-common.c.obj)
                0x0000000010008920                ucdr_align_to
 .text.ucdr_buffer_length
                0x0000000010008944        0x8 /home/rituraj/CiPHER/captain_differential_code/libmicroros/libmicroros.a(libmicrocdr-common.c.obj)
                0x0000000010008944                ucdr_buffer_length
 .text.ucdr_buffer_remaining
                0x000000001000894c        0x8 /home/rituraj/CiPHER/captain_differential_code/libmicroros/libmicroros.a(libmicrocdr-common.c.obj)
                0x000000001000894c                ucdr_buffer_remaining
 .text.ucdr_check_final_buffer_behavior_array
                0x0000000010008954       0x44 /home/rituraj/CiPHER/captain_differential_code/libmicroros/libmicroros.a(libmicrocdr-common.c.obj)
                0x0000000010008954                ucdr_check_final_buffer_behavior_array
 .text.ucdr_advance_buffer
                0x0000000010008998       0x44 /home/rituraj/CiPHER/captain_differential_code/libmicroros/libmicroros.a(libmicrocdr-common.c.obj)
                0x0000000010008998                ucdr_advance_buffer
 .text._rclc_check_for_new_data
                0x00000000100089dc       0x48 /home/rituraj/CiPHER/captain_differential_code/libmicroros/libmicroros.a(librclc-executor.c.obj)
 .text._rclc_take_new_data
                0x0000000010008a24       0xac /home/rituraj/CiPHER/captain_differential_code/libmicroros/libmicroros.a(librclc-executor.c.obj)
 .text.rclc_executor_trigger_any
                0x0000000010008ad0       0x2c /home/rituraj/CiPHER/captain_differential_code/libmicroros/libmicroros.a(librclc-executor.c.obj)
                0x0000000010008ad0                rclc_executor_trigger_any
 .text._rclc_execute.part.0
                0x0000000010008afc       0xc4 /home/rituraj/CiPHER/captain_differential_code/libmicroros/libmicroros.a(librclc-executor.c.obj)
 .text.rclc_executor_init
                0x0000000010008bc0       0xc4 /home/rituraj/CiPHER/captain_differential_code/libmicroros/libmicroros.a(librclc-executor.c.obj)
                0x0000000010008bc0                rclc_executor_init
 .text.rclc_executor_add_subscription
                0x0000000010008c84       0x78 /home/rituraj/CiPHER/captain_differential_code/libmicroros/libmicroros.a(librclc-executor.c.obj)
                0x0000000010008c84                rclc_executor_add_subscription
 .text.rclc_executor_prepare
                0x0000000010008cfc       0x88 /home/rituraj/CiPHER/captain_differential_code/libmicroros/libmicroros.a(librclc-executor.c.obj)
                0x0000000010008cfc                rclc_executor_prepare
 .text.rclc_executor_spin_some.part.0
                0x0000000010008d84      0x2d0 /home/rituraj/CiPHER/captain_differential_code/libmicroros/libmicroros.a(librclc-executor.c.obj)
 .text.rclc_executor_spin_some
                0x0000000010009054       0x30 /home/rituraj/CiPHER/captain_differential_code/libmicroros/libmicroros.a(librclc-executor.c.obj)
                0x0000000010009054                rclc_executor_spin_some
 .text.rclc_executor_handle_counters_zero_init
                0x0000000010009084       0x18 /home/rituraj/CiPHER/captain_differential_code/libmicroros/libmicroros.a(librclc-executor_handle.c.obj)
                0x0000000010009084                rclc_executor_handle_counters_zero_init
 .text.rclc_executor_handle_init
                0x000000001000909c       0x28 /home/rituraj/CiPHER/captain_differential_code/libmicroros/libmicroros.a(librclc-executor_handle.c.obj)
                0x000000001000909c                rclc_executor_handle_init
 .text.rclc_support_init
                0x00000000100090c4       0xa0 /home/rituraj/CiPHER/captain_differential_code/libmicroros/libmicroros.a(librclc-init.c.obj)
                0x00000000100090c4                rclc_support_init
 .text.rclc_node_init_default
                0x0000000010009164       0x78 /home/rituraj/CiPHER/captain_differential_code/libmicroros/libmicroros.a(librclc-node.c.obj)
                0x0000000010009164                rclc_node_init_default
 .text.rclc_subscription_init_default
                0x00000000100091dc       0x68 /home/rituraj/CiPHER/captain_differential_code/libmicroros/libmicroros.a(librclc-subscription.c.obj)
                0x00000000100091dc                rclc_subscription_init_default
 .text.__default_zero_allocate
                0x0000000010009244        0x8 /home/rituraj/CiPHER/captain_differential_code/libmicroros/libmicroros.a(librcutils-allocator.c.obj)
 .text.__default_reallocate
                0x000000001000924c        0x8 /home/rituraj/CiPHER/captain_differential_code/libmicroros/libmicroros.a(librcutils-allocator.c.obj)
 .text.__default_deallocate
                0x0000000010009254        0x8 /home/rituraj/CiPHER/captain_differential_code/libmicroros/libmicroros.a(librcutils-allocator.c.obj)
 .text.__default_allocate
                0x000000001000925c        0x8 /home/rituraj/CiPHER/captain_differential_code/libmicroros/libmicroros.a(librcutils-allocator.c.obj)
 .text.rcutils_get_default_allocator
                0x0000000010009264       0x14 /home/rituraj/CiPHER/captain_differential_code/libmicroros/libmicroros.a(librcutils-allocator.c.obj)
                0x0000000010009264                rcutils_get_default_allocator
 .text.rcutils_allocator_is_valid
                0x0000000010009278       0x24 /home/rituraj/CiPHER/captain_differential_code/libmicroros/libmicroros.a(librcutils-allocator.c.obj)
                0x0000000010009278                rcutils_allocator_is_valid
 .text.rcutils_get_error_string
                0x000000001000929c       0x34 /home/rituraj/CiPHER/captain_differential_code/libmicroros/libmicroros.a(librcutils-error_handling.c.obj)
                0x000000001000929c                rcutils_get_error_string
 .text.rcutils_reset_error
                0x00000000100092d0       0x38 /home/rituraj/CiPHER/captain_differential_code/libmicroros/libmicroros.a(librcutils-error_handling.c.obj)
                0x00000000100092d0                rcutils_reset_error
 .text.rcutils_system_time_now
                0x0000000010009308       0x4c /home/rituraj/CiPHER/captain_differential_code/libmicroros/libmicroros.a(librcutils-time_unix.c.obj)
                0x0000000010009308                rcutils_system_time_now
 .text.rcutils_steady_time_now
                0x0000000010009354       0x4c /home/rituraj/CiPHER/captain_differential_code/libmicroros/libmicroros.a(librcutils-time_unix.c.obj)
                0x0000000010009354                rcutils_steady_time_now
 .text.rmw_uros_set_custom_transport
                0x00000000100093a0       0x34 /home/rituraj/CiPHER/captain_differential_code/libmicroros/libmicroros.a(librmw_microxrcedds-custom_transport.c.obj)
                0x00000000100093a0                rmw_uros_set_custom_transport
 .text.rmw_uros_ping_agent
                0x00000000100093d4       0xa4 /home/rituraj/CiPHER/captain_differential_code/libmicroros/libmicroros.a(librmw_microxrcedds-ping.c.obj)
                0x00000000100093d4                rmw_uros_ping_agent
 .text.rmw_uxrce_transport_init
                0x0000000010009478       0x2c /home/rituraj/CiPHER/captain_differential_code/libmicroros/libmicroros.a(librmw_microxrcedds-rmw_uxrce_transports.c.obj)
                0x0000000010009478                rmw_uxrce_transport_init
 .text.rmw_uxrce_init_service_memory
                0x00000000100094a4       0x38 /home/rituraj/CiPHER/captain_differential_code/libmicroros/libmicroros.a(librmw_microxrcedds-types.c.obj)
                0x00000000100094a4                rmw_uxrce_init_service_memory
 .text.rmw_uxrce_init_client_memory
                0x00000000100094dc       0x38 /home/rituraj/CiPHER/captain_differential_code/libmicroros/libmicroros.a(librmw_microxrcedds-types.c.obj)
                0x00000000100094dc                rmw_uxrce_init_client_memory
 .text.rmw_uxrce_init_publisher_memory
                0x0000000010009514       0x38 /home/rituraj/CiPHER/captain_differential_code/libmicroros/libmicroros.a(librmw_microxrcedds-types.c.obj)
                0x0000000010009514                rmw_uxrce_init_publisher_memory
 .text.rmw_uxrce_init_subscription_memory
                0x000000001000954c       0x38 /home/rituraj/CiPHER/captain_differential_code/libmicroros/libmicroros.a(librmw_microxrcedds-types.c.obj)
                0x000000001000954c                rmw_uxrce_init_subscription_memory
 .text.rmw_uxrce_init_node_memory
                0x0000000010009584       0x38 /home/rituraj/CiPHER/captain_differential_code/libmicroros/libmicroros.a(librmw_microxrcedds-types.c.obj)
                0x0000000010009584                rmw_uxrce_init_node_memory
 .text.rmw_uxrce_init_session_memory
                0x00000000100095bc       0x40 /home/rituraj/CiPHER/captain_differential_code/libmicroros/libmicroros.a(librmw_microxrcedds-types.c.obj)
                0x00000000100095bc                rmw_uxrce_init_session_memory
 .text.rmw_uxrce_init_topic_memory
                0x00000000100095fc       0x3c /home/rituraj/CiPHER/captain_differential_code/libmicroros/libmicroros.a(librmw_microxrcedds-types.c.obj)
                0x00000000100095fc                rmw_uxrce_init_topic_memory
 .text.rmw_uxrce_init_static_input_buffer_memory
                0x0000000010009638       0x44 /home/rituraj/CiPHER/captain_differential_code/libmicroros/libmicroros.a(librmw_microxrcedds-types.c.obj)
                0x0000000010009638                rmw_uxrce_init_static_input_buffer_memory
 .text.rmw_uxrce_init_init_options_impl_memory
                0x000000001000967c       0x38 /home/rituraj/CiPHER/captain_differential_code/libmicroros/libmicroros.a(librmw_microxrcedds-types.c.obj)
                0x000000001000967c                rmw_uxrce_init_init_options_impl_memory
 .text.rmw_uxrce_init_wait_set_memory
                0x00000000100096b4       0x3c /home/rituraj/CiPHER/captain_differential_code/libmicroros/libmicroros.a(librmw_microxrcedds-types.c.obj)
                0x00000000100096b4                rmw_uxrce_init_wait_set_memory
 .text.rmw_uxrce_init_guard_condition_memory
                0x00000000100096f0       0x38 /home/rituraj/CiPHER/captain_differential_code/libmicroros/libmicroros.a(librmw_microxrcedds-types.c.obj)
                0x00000000100096f0                rmw_uxrce_init_guard_condition_memory
 .text.rmw_uxrce_fini_session_memory
                0x0000000010009728       0x10 /home/rituraj/CiPHER/captain_differential_code/libmicroros/libmicroros.a(librmw_microxrcedds-types.c.obj)
                0x0000000010009728                rmw_uxrce_fini_session_memory
 .text.rmw_uxrce_fini_node_memory
                0x0000000010009738       0x34 /home/rituraj/CiPHER/captain_differential_code/libmicroros/libmicroros.a(librmw_microxrcedds-types.c.obj)
                0x0000000010009738                rmw_uxrce_fini_node_memory
 .text.rmw_uxrce_fini_publisher_memory
                0x000000001000976c       0x34 /home/rituraj/CiPHER/captain_differential_code/libmicroros/libmicroros.a(librmw_microxrcedds-types.c.obj)
                0x000000001000976c                rmw_uxrce_fini_publisher_memory
 .text.rmw_uxrce_fini_subscription_memory
                0x00000000100097a0       0x34 /home/rituraj/CiPHER/captain_differential_code/libmicroros/libmicroros.a(librmw_microxrcedds-types.c.obj)
                0x00000000100097a0                rmw_uxrce_fini_subscription_memory
 .text.rmw_uxrce_fini_service_memory
                0x00000000100097d4       0x34 /home/rituraj/CiPHER/captain_differential_code/libmicroros/libmicroros.a(librmw_microxrcedds-types.c.obj)
                0x00000000100097d4                rmw_uxrce_fini_service_memory
 .text.rmw_uxrce_fini_client_memory
                0x0000000010009808       0x34 /home/rituraj/CiPHER/captain_differential_code/libmicroros/libmicroros.a(librmw_microxrcedds-types.c.obj)
                0x0000000010009808                rmw_uxrce_fini_client_memory
 .text.rmw_uxrce_fini_topic_memory
                0x000000001000983c       0x18 /home/rituraj/CiPHER/captain_differential_code/libmicroros/libmicroros.a(librmw_microxrcedds-types.c.obj)
                0x000000001000983c                rmw_uxrce_fini_topic_memory
 .text.rmw_uxrce_get_static_input_buffer_for_entity
                0x0000000010009854       0xbc /home/rituraj/CiPHER/captain_differential_code/libmicroros/libmicroros.a(librmw_microxrcedds-types.c.obj)
                0x0000000010009854                rmw_uxrce_get_static_input_buffer_for_entity
 .text.rmw_uxrce_find_static_input_buffer_by_owner
                0x0000000010009910       0x5c /home/rituraj/CiPHER/captain_differential_code/libmicroros/libmicroros.a(librmw_microxrcedds-types.c.obj)
                0x0000000010009910                rmw_uxrce_find_static_input_buffer_by_owner
 .text.rmw_uxrce_clean_expired_static_input_buffer
                0x000000001000996c       0xec /home/rituraj/CiPHER/captain_differential_code/libmicroros/libmicroros.a(librmw_microxrcedds-types.c.obj)
                0x000000001000996c                rmw_uxrce_clean_expired_static_input_buffer
 .text.get_message_typesupport_handle
                0x0000000010009a58        0x8 /home/rituraj/CiPHER/captain_differential_code/libmicroros/libmicroros.a(librosidl_runtime_c-message_type_support.c.obj)
                0x0000000010009a58                get_message_typesupport_handle
 .text.get_message_typesupport_handle_function
                0x0000000010009a60       0x18 /home/rituraj/CiPHER/captain_differential_code/libmicroros/libmicroros.a(librosidl_runtime_c-message_type_support.c.obj)
                0x0000000010009a60                get_message_typesupport_handle_function
 .text.get_custom_error
                0x0000000010009a78        0xc /home/rituraj/CiPHER/captain_differential_code/libmicroros/libmicroros.a(libmicroxrcedds_client-custom_transport.c.obj)
 .text.recv_custom_msg
                0x0000000010009a84       0xb4 /home/rituraj/CiPHER/captain_differential_code/libmicroros/libmicroros.a(libmicroxrcedds_client-custom_transport.c.obj)
 .text.send_custom_msg
                0x0000000010009b38       0x64 /home/rituraj/CiPHER/captain_differential_code/libmicroros/libmicroros.a(libmicroxrcedds_client-custom_transport.c.obj)
 .text.uxr_set_custom_transport_callbacks
                0x0000000010009b9c       0x24 /home/rituraj/CiPHER/captain_differential_code/libmicroros/libmicroros.a(libmicroxrcedds_client-custom_transport.c.obj)
                0x0000000010009b9c                uxr_set_custom_transport_callbacks
 .text.uxr_init_custom_transport
                0x0000000010009bc0       0x88 /home/rituraj/CiPHER/captain_differential_code/libmicroros/libmicroros.a(libmicroxrcedds_client-custom_transport.c.obj)
                0x0000000010009bc0                uxr_init_custom_transport
 .text.uxr_close_custom_transport
                0x0000000010009c48        0xc /home/rituraj/CiPHER/captain_differential_code/libmicroros/libmicroros.a(libmicroxrcedds_client-custom_transport.c.obj)
                0x0000000010009c48                uxr_close_custom_transport
 .text.uxr_ping_agent_session
                0x0000000010009c54       0x9c /home/rituraj/CiPHER/captain_differential_code/libmicroros/libmicroros.a(libmicroxrcedds_client-ping.c.obj)
                0x0000000010009c54                uxr_ping_agent_session
 .text.uxr_ping_agent_attempts
                0x0000000010009cf0      0x128 /home/rituraj/CiPHER/captain_differential_code/libmicroros/libmicroros.a(libmicroxrcedds_client-ping.c.obj)
                0x0000000010009cf0                uxr_ping_agent_attempts
 .text.on_get_fragmentation_info
                0x0000000010009e18       0x38 /home/rituraj/CiPHER/captain_differential_code/libmicroros/libmicroros.a(libmicroxrcedds_client-session.c.obj)
 .text.write_submessage_acknack.isra.0
                0x0000000010009e50       0x6c /home/rituraj/CiPHER/captain_differential_code/libmicroros/libmicroros.a(libmicroxrcedds_client-session.c.obj)
 .text.uxr_acknack_pong.part.0
                0x0000000010009ebc       0xd0 /home/rituraj/CiPHER/captain_differential_code/libmicroros/libmicroros.a(libmicroxrcedds_client-session.c.obj)
 .text.read_submessage_list
                0x0000000010009f8c      0x3d0 /home/rituraj/CiPHER/captain_differential_code/libmicroros/libmicroros.a(libmicroxrcedds_client-session.c.obj)
 .text.listen_message
                0x000000001000a35c      0x15c /home/rituraj/CiPHER/captain_differential_code/libmicroros/libmicroros.a(libmicroxrcedds_client-session.c.obj)
 .text.listen_message_reliably
                0x000000001000a4b8      0x190 /home/rituraj/CiPHER/captain_differential_code/libmicroros/libmicroros.a(libmicroxrcedds_client-session.c.obj)
 .text.uxr_init_session
                0x000000001000a648       0x48 /home/rituraj/CiPHER/captain_differential_code/libmicroros/libmicroros.a(libmicroxrcedds_client-session.c.obj)
                0x000000001000a648                uxr_init_session
 .text.uxr_set_status_callback
                0x000000001000a690        0xc /home/rituraj/CiPHER/captain_differential_code/libmicroros/libmicroros.a(libmicroxrcedds_client-session.c.obj)
                0x000000001000a690                uxr_set_status_callback
 .text.uxr_set_topic_callback
                0x000000001000a69c        0xc /home/rituraj/CiPHER/captain_differential_code/libmicroros/libmicroros.a(libmicroxrcedds_client-session.c.obj)
                0x000000001000a69c                uxr_set_topic_callback
 .text.uxr_set_request_callback
                0x000000001000a6a8        0xc /home/rituraj/CiPHER/captain_differential_code/libmicroros/libmicroros.a(libmicroxrcedds_client-session.c.obj)
                0x000000001000a6a8                uxr_set_request_callback
 .text.uxr_set_reply_callback
                0x000000001000a6b4        0xc /home/rituraj/CiPHER/captain_differential_code/libmicroros/libmicroros.a(libmicroxrcedds_client-session.c.obj)
                0x000000001000a6b4                uxr_set_reply_callback
 .text.uxr_create_session
                0x000000001000a6c0       0x80 /home/rituraj/CiPHER/captain_differential_code/libmicroros/libmicroros.a(libmicroxrcedds_client-session.c.obj)
                0x000000001000a6c0                uxr_create_session
 .text.uxr_delete_session_retries
                0x000000001000a740       0x88 /home/rituraj/CiPHER/captain_differential_code/libmicroros/libmicroros.a(libmicroxrcedds_client-session.c.obj)
                0x000000001000a740                uxr_delete_session_retries
 .text.uxr_create_output_best_effort_stream
                0x000000001000a7c8       0x3c /home/rituraj/CiPHER/captain_differential_code/libmicroros/libmicroros.a(libmicroxrcedds_client-session.c.obj)
                0x000000001000a7c8                uxr_create_output_best_effort_stream
 .text.uxr_create_output_reliable_stream
                0x000000001000a804       0x40 /home/rituraj/CiPHER/captain_differential_code/libmicroros/libmicroros.a(libmicroxrcedds_client-session.c.obj)
                0x000000001000a804                uxr_create_output_reliable_stream
 .text.uxr_create_input_best_effort_stream
                0x000000001000a844       0x2c /home/rituraj/CiPHER/captain_differential_code/libmicroros/libmicroros.a(libmicroxrcedds_client-session.c.obj)
                0x000000001000a844                uxr_create_input_best_effort_stream
 .text.uxr_create_input_reliable_stream
                0x000000001000a870       0x34 /home/rituraj/CiPHER/captain_differential_code/libmicroros/libmicroros.a(libmicroxrcedds_client-session.c.obj)
                0x000000001000a870                uxr_create_input_reliable_stream
 .text.uxr_epoch_nanos
                0x000000001000a8a4       0x14 /home/rituraj/CiPHER/captain_differential_code/libmicroros/libmicroros.a(libmicroxrcedds_client-session.c.obj)
                0x000000001000a8a4                uxr_epoch_nanos
 .text.uxr_flash_output_streams
                0x000000001000a8b8       0xf4 /home/rituraj/CiPHER/captain_differential_code/libmicroros/libmicroros.a(libmicroxrcedds_client-session.c.obj)
                0x000000001000a8b8                uxr_flash_output_streams
 .text.uxr_run_session_until_data
                0x000000001000a9ac       0x3c /home/rituraj/CiPHER/captain_differential_code/libmicroros/libmicroros.a(libmicroxrcedds_client-session.c.obj)
                0x000000001000a9ac                uxr_run_session_until_data
 .text.uxr_run_session_until_confirm_delivery
                0x000000001000a9e8       0x4c /home/rituraj/CiPHER/captain_differential_code/libmicroros/libmicroros.a(libmicroxrcedds_client-session.c.obj)
                0x000000001000a9e8                uxr_run_session_until_confirm_delivery
 .text.uxr_run_session_until_all_status
                0x000000001000aa34       0xb4 /home/rituraj/CiPHER/captain_differential_code/libmicroros/libmicroros.a(libmicroxrcedds_client-session.c.obj)
                0x000000001000aa34                uxr_run_session_until_all_status
 .text.uxr_acknack_pong
                0x000000001000aae8       0x1c /home/rituraj/CiPHER/captain_differential_code/libmicroros/libmicroros.a(libmicroxrcedds_client-session.c.obj)
                0x000000001000aae8                uxr_acknack_pong
 .text.uxr_run_session_until_pong
                0x000000001000ab04       0x44 /home/rituraj/CiPHER/captain_differential_code/libmicroros/libmicroros.a(libmicroxrcedds_client-session.c.obj)
                0x000000001000ab04                uxr_run_session_until_pong
 .text.uxr_prepare_stream_to_write_submessage
                0x000000001000ab48       0x94 /home/rituraj/CiPHER/captain_differential_code/libmicroros/libmicroros.a(libmicroxrcedds_client-session.c.obj)
                0x000000001000ab48                uxr_prepare_stream_to_write_submessage
 .text.uxr_init_session_info
                0x000000001000abdc       0x20 /home/rituraj/CiPHER/captain_differential_code/libmicroros/libmicroros.a(libmicroxrcedds_client-session_info.c.obj)
                0x000000001000abdc                uxr_init_session_info
 .text.uxr_buffer_create_session
                0x000000001000abfc       0x50 /home/rituraj/CiPHER/captain_differential_code/libmicroros/libmicroros.a(libmicroxrcedds_client-session_info.c.obj)
                0x000000001000abfc                uxr_buffer_create_session
 .text.uxr_buffer_delete_session
                0x000000001000ac4c       0x34 /home/rituraj/CiPHER/captain_differential_code/libmicroros/libmicroros.a(libmicroxrcedds_client-session_info.c.obj)
                0x000000001000ac4c                uxr_buffer_delete_session
 .text.uxr_read_create_session_status
                0x000000001000ac80       0x18 /home/rituraj/CiPHER/captain_differential_code/libmicroros/libmicroros.a(libmicroxrcedds_client-session_info.c.obj)
                0x000000001000ac80                uxr_read_create_session_status
 .text.uxr_read_delete_session_status
                0x000000001000ac98       0x38 /home/rituraj/CiPHER/captain_differential_code/libmicroros/libmicroros.a(libmicroxrcedds_client-session_info.c.obj)
                0x000000001000ac98                uxr_read_delete_session_status
 .text.uxr_stamp_create_session_header
                0x000000001000acd0       0x28 /home/rituraj/CiPHER/captain_differential_code/libmicroros/libmicroros.a(libmicroxrcedds_client-session_info.c.obj)
                0x000000001000acd0                uxr_stamp_create_session_header
 .text.uxr_stamp_session_header
                0x000000001000acf8       0x28 /home/rituraj/CiPHER/captain_differential_code/libmicroros/libmicroros.a(libmicroxrcedds_client-session_info.c.obj)
                0x000000001000acf8                uxr_stamp_session_header
 .text.uxr_read_session_header
                0x000000001000ad20       0x90 /home/rituraj/CiPHER/captain_differential_code/libmicroros/libmicroros.a(libmicroxrcedds_client-session_info.c.obj)
                0x000000001000ad20                uxr_read_session_header
 .text.uxr_session_header_offset
                0x000000001000adb0        0xc /home/rituraj/CiPHER/captain_differential_code/libmicroros/libmicroros.a(libmicroxrcedds_client-session_info.c.obj)
                0x000000001000adb0                uxr_session_header_offset
 .text.uxr_init_base_object_request
                0x000000001000adbc       0x3c /home/rituraj/CiPHER/captain_differential_code/libmicroros/libmicroros.a(libmicroxrcedds_client-session_info.c.obj)
                0x000000001000adbc                uxr_init_base_object_request
 .text.uxr_parse_base_object_request
                0x000000001000adf8       0x20 /home/rituraj/CiPHER/captain_differential_code/libmicroros/libmicroros.a(libmicroxrcedds_client-session_info.c.obj)
                0x000000001000adf8                uxr_parse_base_object_request
 .text.uxr_init_framing_io
                0x000000001000ae18        0xc /home/rituraj/CiPHER/captain_differential_code/libmicroros/libmicroros.a(libmicroxrcedds_client-stream_framing_protocol.c.obj)
                0x000000001000ae18                uxr_init_framing_io
 .text.uxr_write_framed_msg
                0x000000001000ae24      0x328 /home/rituraj/CiPHER/captain_differential_code/libmicroros/libmicroros.a(libmicroxrcedds_client-stream_framing_protocol.c.obj)
                0x000000001000ae24                uxr_write_framed_msg
 .text.uxr_framing_read_transport
                0x000000001000b14c      0x10c /home/rituraj/CiPHER/captain_differential_code/libmicroros/libmicroros.a(libmicroxrcedds_client-stream_framing_protocol.c.obj)
                0x000000001000b14c                uxr_framing_read_transport
 .text.uxr_read_framed_msg
                0x000000001000b258      0x448 /home/rituraj/CiPHER/captain_differential_code/libmicroros/libmicroros.a(libmicroxrcedds_client-stream_framing_protocol.c.obj)
                0x000000001000b258                uxr_read_framed_msg
 .text.uxr_stream_id
                0x000000001000b6a0       0x4c /home/rituraj/CiPHER/captain_differential_code/libmicroros/libmicroros.a(libmicroxrcedds_client-stream_id.c.obj)
                0x000000001000b6a0                uxr_stream_id
 .text.uxr_stream_id_from_raw
                0x000000001000b6ec       0x58 /home/rituraj/CiPHER/captain_differential_code/libmicroros/libmicroros.a(libmicroxrcedds_client-stream_id.c.obj)
                0x000000001000b6ec                uxr_stream_id_from_raw
 .text.uxr_init_stream_storage
                0x000000001000b744       0x14 /home/rituraj/CiPHER/captain_differential_code/libmicroros/libmicroros.a(libmicroxrcedds_client-stream_storage.c.obj)
                0x000000001000b744                uxr_init_stream_storage
 .text.uxr_reset_stream_storage
                0x000000001000b758       0x80 /home/rituraj/CiPHER/captain_differential_code/libmicroros/libmicroros.a(libmicroxrcedds_client-stream_storage.c.obj)
                0x000000001000b758                uxr_reset_stream_storage
 .text.uxr_add_output_best_effort_buffer
                0x000000001000b7d8       0x3c /home/rituraj/CiPHER/captain_differential_code/libmicroros/libmicroros.a(libmicroxrcedds_client-stream_storage.c.obj)
                0x000000001000b7d8                uxr_add_output_best_effort_buffer
 .text.uxr_add_output_reliable_buffer
                0x000000001000b814       0x4c /home/rituraj/CiPHER/captain_differential_code/libmicroros/libmicroros.a(libmicroxrcedds_client-stream_storage.c.obj)
                0x000000001000b814                uxr_add_output_reliable_buffer
 .text.uxr_add_input_best_effort_buffer
                0x000000001000b860       0x44 /home/rituraj/CiPHER/captain_differential_code/libmicroros/libmicroros.a(libmicroxrcedds_client-stream_storage.c.obj)
                0x000000001000b860                uxr_add_input_best_effort_buffer
 .text.uxr_add_input_reliable_buffer
                0x000000001000b8a4       0x48 /home/rituraj/CiPHER/captain_differential_code/libmicroros/libmicroros.a(libmicroxrcedds_client-stream_storage.c.obj)
                0x000000001000b8a4                uxr_add_input_reliable_buffer
 .text.uxr_get_output_best_effort_stream
                0x000000001000b8ec       0x10 /home/rituraj/CiPHER/captain_differential_code/libmicroros/libmicroros.a(libmicroxrcedds_client-stream_storage.c.obj)
                0x000000001000b8ec                uxr_get_output_best_effort_stream
 .text.uxr_get_output_reliable_stream
                0x000000001000b8fc       0x18 /home/rituraj/CiPHER/captain_differential_code/libmicroros/libmicroros.a(libmicroxrcedds_client-stream_storage.c.obj)
                0x000000001000b8fc                uxr_get_output_reliable_stream
 .text.uxr_get_input_best_effort_stream
                0x000000001000b914       0x14 /home/rituraj/CiPHER/captain_differential_code/libmicroros/libmicroros.a(libmicroxrcedds_client-stream_storage.c.obj)
                0x000000001000b914                uxr_get_input_best_effort_stream
 .text.uxr_get_input_reliable_stream
                0x000000001000b928       0x18 /home/rituraj/CiPHER/captain_differential_code/libmicroros/libmicroros.a(libmicroxrcedds_client-stream_storage.c.obj)
                0x000000001000b928                uxr_get_input_reliable_stream
 .text.uxr_output_streams_confirmed
                0x000000001000b940       0x30 /home/rituraj/CiPHER/captain_differential_code/libmicroros/libmicroros.a(libmicroxrcedds_client-stream_storage.c.obj)
                0x000000001000b940                uxr_output_streams_confirmed
 .text.uxr_buffer_submessage_header
                0x000000001000b970       0x34 /home/rituraj/CiPHER/captain_differential_code/libmicroros/libmicroros.a(libmicroxrcedds_client-submessage.c.obj)
                0x000000001000b970                uxr_buffer_submessage_header
 .text.uxr_read_submessage_header